Archive member included because of file (symbol)

/opt/Freescale/KDS_v3/toolchain/bin/../lib/gcc/arm-none-eabi/4.8.4/../../../../arm-none-eabi/lib/armv7e-m/fpu/libg_s.a(lib_a-errno.o)
                              ./utilities/fsl_sbrk.o (__errno)
/opt/Freescale/KDS_v3/toolchain/bin/../lib/gcc/arm-none-eabi/4.8.4/../../../../arm-none-eabi/lib/armv7e-m/fpu/libg_s.a(lib_a-exit.o)
                              /opt/Freescale/KDS_v3/toolchain/bin/../lib/gcc/arm-none-eabi/4.8.4/../../../../arm-none-eabi/lib/armv7e-m/fpu/crt0.o (exit)
/opt/Freescale/KDS_v3/toolchain/bin/../lib/gcc/arm-none-eabi/4.8.4/../../../../arm-none-eabi/lib/armv7e-m/fpu/libg_s.a(lib_a-impure.o)
                              /opt/Freescale/KDS_v3/toolchain/bin/../lib/gcc/arm-none-eabi/4.8.4/../../../../arm-none-eabi/lib/armv7e-m/fpu/libg_s.a(lib_a-exit.o) (_global_impure_ptr)
/opt/Freescale/KDS_v3/toolchain/bin/../lib/gcc/arm-none-eabi/4.8.4/../../../../arm-none-eabi/lib/armv7e-m/fpu/libg_s.a(lib_a-init.o)
                              /opt/Freescale/KDS_v3/toolchain/bin/../lib/gcc/arm-none-eabi/4.8.4/../../../../arm-none-eabi/lib/armv7e-m/fpu/crt0.o (__libc_init_array)
/opt/Freescale/KDS_v3/toolchain/bin/../lib/gcc/arm-none-eabi/4.8.4/../../../../arm-none-eabi/lib/armv7e-m/fpu/libg_s.a(lib_a-memcpy-stub.o)
                              ./freertos/Source/queue.o (memcpy)
/opt/Freescale/KDS_v3/toolchain/bin/../lib/gcc/arm-none-eabi/4.8.4/../../../../arm-none-eabi/lib/armv7e-m/fpu/libg_s.a(lib_a-memset.o)
                              /opt/Freescale/KDS_v3/toolchain/bin/../lib/gcc/arm-none-eabi/4.8.4/../../../../arm-none-eabi/lib/armv7e-m/fpu/crt0.o (memset)
/opt/Freescale/KDS_v3/toolchain/bin/../lib/gcc/arm-none-eabi/4.8.4/../../../../arm-none-eabi/lib/armv7e-m/fpu/libg_s.a(lib_a-sprintf.o)
                              ./sources/freertos_queue.o (sprintf)
/opt/Freescale/KDS_v3/toolchain/bin/../lib/gcc/arm-none-eabi/4.8.4/../../../../arm-none-eabi/lib/armv7e-m/fpu/libg_s.a(lib_a-strlen.o)
                              ./utilities/fsl_debug_console.o (strlen)
/opt/Freescale/KDS_v3/toolchain/bin/../lib/gcc/arm-none-eabi/4.8.4/../../../../arm-none-eabi/lib/armv7e-m/fpu/libg_s.a(lib_a-svfprintf.o)
                              /opt/Freescale/KDS_v3/toolchain/bin/../lib/gcc/arm-none-eabi/4.8.4/../../../../arm-none-eabi/lib/armv7e-m/fpu/libg_s.a(lib_a-sprintf.o) (_svfprintf_r)
/opt/Freescale/KDS_v3/toolchain/bin/../lib/gcc/arm-none-eabi/4.8.4/../../../../arm-none-eabi/lib/armv7e-m/fpu/libg_s.a(lib_a-vfprintf_i.o)
                              /opt/Freescale/KDS_v3/toolchain/bin/../lib/gcc/arm-none-eabi/4.8.4/../../../../arm-none-eabi/lib/armv7e-m/fpu/libg_s.a(lib_a-svfprintf.o) (_printf_i)
/opt/Freescale/KDS_v3/toolchain/bin/../lib/gcc/arm-none-eabi/4.8.4/../../../../arm-none-eabi/lib/armv7e-m/fpu/libg_s.a(lib_a-memchr-stub.o)
                              /opt/Freescale/KDS_v3/toolchain/bin/../lib/gcc/arm-none-eabi/4.8.4/../../../../arm-none-eabi/lib/armv7e-m/fpu/libg_s.a(lib_a-svfprintf.o) (memchr)
/opt/Freescale/KDS_v3/toolchain/bin/../lib/gcc/arm-none-eabi/4.8.4/../../../../arm-none-eabi/lib/armv7e-m/fpu/libg_s.a(lib_a-memmove.o)
                              /opt/Freescale/KDS_v3/toolchain/bin/../lib/gcc/arm-none-eabi/4.8.4/../../../../arm-none-eabi/lib/armv7e-m/fpu/libg_s.a(lib_a-svfprintf.o) (memmove)
/opt/Freescale/KDS_v3/toolchain/bin/../lib/gcc/arm-none-eabi/4.8.4/../../../../arm-none-eabi/lib/armv7e-m/fpu/libg_s.a(lib_a-nano-freer.o)
                              /opt/Freescale/KDS_v3/toolchain/bin/../lib/gcc/arm-none-eabi/4.8.4/../../../../arm-none-eabi/lib/armv7e-m/fpu/libg_s.a(lib_a-svfprintf.o) (_free_r)
/opt/Freescale/KDS_v3/toolchain/bin/../lib/gcc/arm-none-eabi/4.8.4/../../../../arm-none-eabi/lib/armv7e-m/fpu/libg_s.a(lib_a-nano-mallocr.o)
                              /opt/Freescale/KDS_v3/toolchain/bin/../lib/gcc/arm-none-eabi/4.8.4/../../../../arm-none-eabi/lib/armv7e-m/fpu/libg_s.a(lib_a-svfprintf.o) (_malloc_r)
/opt/Freescale/KDS_v3/toolchain/bin/../lib/gcc/arm-none-eabi/4.8.4/../../../../arm-none-eabi/lib/armv7e-m/fpu/libg_s.a(lib_a-nano-reallocr.o)
                              /opt/Freescale/KDS_v3/toolchain/bin/../lib/gcc/arm-none-eabi/4.8.4/../../../../arm-none-eabi/lib/armv7e-m/fpu/libg_s.a(lib_a-svfprintf.o) (_realloc_r)
/opt/Freescale/KDS_v3/toolchain/bin/../lib/gcc/arm-none-eabi/4.8.4/../../../../arm-none-eabi/lib/armv7e-m/fpu/libg_s.a(lib_a-sbrkr.o)
                              /opt/Freescale/KDS_v3/toolchain/bin/../lib/gcc/arm-none-eabi/4.8.4/../../../../arm-none-eabi/lib/armv7e-m/fpu/libg_s.a(lib_a-nano-mallocr.o) (_sbrk_r)
/opt/Freescale/KDS_v3/toolchain/bin/../lib/gcc/arm-none-eabi/4.8.4/../../../../arm-none-eabi/lib/armv7e-m/fpu/libg_s.a(lib_a-nano-msizer.o)
                              /opt/Freescale/KDS_v3/toolchain/bin/../lib/gcc/arm-none-eabi/4.8.4/../../../../arm-none-eabi/lib/armv7e-m/fpu/libg_s.a(lib_a-nano-reallocr.o) (_malloc_usable_size_r)
[...]
Memory Configuration

Name             Origin             Length             Attributes
m_interrupts     0x00000000         0x00000400         xr
m_flash_config   0x00000400         0x00000010         xr
m_text           0x00000410         0x000ffbf0         xr
m_data           0x1fff0000         0x00010000         rw
m_data_2         0x20000000         0x00030000         rw
*default*        0x00000000         0xffffffff

Linker script and memory map

LOAD /opt/Freescale/KDS_v3/toolchain/bin/../lib/gcc/arm-none-eabi/4.8.4/armv7e-m/fpu/crti.o
LOAD /opt/Freescale/KDS_v3/toolchain/bin/../lib/gcc/arm-none-eabi/4.8.4/armv7e-m/fpu/crtbegin.o
LOAD /opt/Freescale/KDS_v3/toolchain/bin/../lib/gcc/arm-none-eabi/4.8.4/../../../../arm-none-eabi/lib/armv7e-m/fpu/crt0.o
START GROUP
LOAD ./utilities/fsl_debug_console.o
LOAD ./utilities/fsl_sbrk.o
LOAD ./sources/board.o
LOAD ./sources/clock_config.o
LOAD ./sources/freertos_queue.o
LOAD ./sources/pin_mux.o
LOAD ./freertos/Source/portable/MemMang/heap_4.o
LOAD ./freertos/Source/portable/GCC/ARM_CM4F/fsl_tickless_systick.o
LOAD ./freertos/Source/portable/GCC/ARM_CM4F/port.o
LOAD ./freertos/Source/croutine.o
LOAD ./freertos/Source/event_groups.o
LOAD ./freertos/Source/list.o
LOAD ./freertos/Source/queue.o
LOAD ./freertos/Source/tasks.o
LOAD ./freertos/Source/timers.o
LOAD ./drivers/fsl_clock.o
LOAD ./drivers/fsl_common.o
LOAD ./drivers/fsl_flash.o
LOAD ./drivers/fsl_gpio.o
LOAD ./drivers/fsl_smc.o
LOAD ./drivers/fsl_uart.o
LOAD ./devices/gcc/startup_MK64F12.o
LOAD ./devices/system_MK64F12.o
LOAD /opt/Freescale/KDS_v3/toolchain/bin/../lib/gcc/arm-none-eabi/4.8.4/../../../../arm-none-eabi/lib/armv7e-m/fpu/libg_s.a
LOAD /opt/Freescale/KDS_v3/toolchain/bin/../lib/gcc/arm-none-eabi/4.8.4/armv7e-m/fpu/libgcc.a
LOAD /opt/Freescale/KDS_v3/toolchain/bin/../lib/gcc/arm-none-eabi/4.8.4/../../../../arm-none-eabi/lib/armv7e-m/fpu/libnosys.a
END GROUP
LOAD /opt/Freescale/KDS_v3/toolchain/bin/../lib/gcc/arm-none-eabi/4.8.4/../../../../arm-none-eabi/lib/armv7e-m/fpu/libstdc++_s.a
LOAD /opt/Freescale/KDS_v3/toolchain/bin/../lib/gcc/arm-none-eabi/4.8.4/../../../../arm-none-eabi/lib/armv7e-m/fpu/libm.a
START GROUP
LOAD /opt/Freescale/KDS_v3/toolchain/bin/../lib/gcc/arm-none-eabi/4.8.4/armv7e-m/fpu/libgcc.a
LOAD /opt/Freescale/KDS_v3/toolchain/bin/../lib/gcc/arm-none-eabi/4.8.4/../../../../arm-none-eabi/lib/armv7e-m/fpu/libg_s.a
LOAD /opt/Freescale/KDS_v3/toolchain/bin/../lib/gcc/arm-none-eabi/4.8.4/../../../../arm-none-eabi/lib/armv7e-m/fpu/libc_s.a
END GROUP
START GROUP
LOAD /opt/Freescale/KDS_v3/toolchain/bin/../lib/gcc/arm-none-eabi/4.8.4/armv7e-m/fpu/libgcc.a
LOAD /opt/Freescale/KDS_v3/toolchain/bin/../lib/gcc/arm-none-eabi/4.8.4/../../../../arm-none-eabi/lib/armv7e-m/fpu/libc_s.a
END GROUP
LOAD /opt/Freescale/KDS_v3/toolchain/bin/../lib/gcc/arm-none-eabi/4.8.4/armv7e-m/fpu/crtend.o
LOAD /opt/Freescale/KDS_v3/toolchain/bin/../lib/gcc/arm-none-eabi/4.8.4/armv7e-m/fpu/crtn.o
                0x00000400                HEAP_SIZE = DEFINED (__heap_size__)?__heap_size__:0x400
                0x00000400                STACK_SIZE = DEFINED (__stack_size__)?__stack_size__:0x400
                0x00000000                M_VECTOR_RAM_SIZE = DEFINED (__ram_vector_table__)?0x400:0x0

.interrupts     0x00000000      0x400
                0x00000000                __VECTOR_TABLE = .
                0x00000000                . = ALIGN (0x4)
 *(.isr_vector)
 .isr_vector    0x00000000      0x400 ./devices/gcc/startup_MK64F12.o
                0x00000000                __isr_vector
                0x00000400                . = ALIGN (0x4)

.flash_config   0x00000400       0x10
                0x00000400                . = ALIGN (0x4)
 *(.FlashConfig)
 .FlashConfig   0x00000400       0x10 ./devices/gcc/startup_MK64F12.o
                0x00000410                . = ALIGN (0x4)

.text           0x00000410     0x50b0
                0x00000410                . = ALIGN (0x4)
 *(.text)
 .text          0x00000410       0x54 /opt/Freescale/KDS_v3/toolchain/bin/../lib/gcc/arm-none-eabi/4.8.4/armv7e-m/fpu/crtbegin.o
 .text          0x00000464       0x74 /opt/Freescale/KDS_v3/toolchain/bin/../lib/gcc/arm-none-eabi/4.8.4/../../../../arm-none-eabi/lib/armv7e-m/fpu/crt0.o
                0x00000464                _mainCRTStartup
                0x00000464                _start
 .text          0x000004d8      0x1fc ./devices/gcc/startup_MK64F12.o
                0x000004d8                Reset_Handler
                0x00000534                DebugMon_Handler
                0x00000534                DMA0_DriverIRQHandler
                0x00000534                DMA12_DriverIRQHandler
                0x00000534                SPI1_DriverIRQHandler
                0x00000534                DMA_Error_DriverIRQHandler
                0x00000534                SDHC_DriverIRQHandler
                0x00000534                PIT0_IRQHandler
                0x00000534                CMP2_IRQHandler
                0x00000534                LLWU_IRQHandler
                0x00000534                I2S0_Tx_DriverIRQHandler
                0x00000534                DMA6_DriverIRQHandler
                0x00000534                ENET_1588_Timer_DriverIRQHandler
                0x00000534                I2C2_DriverIRQHandler
                0x00000534                SWI_IRQHandler
                0x00000534                ADC0_IRQHandler
                0x00000534                UsageFault_Handler
                0x00000534                CMT_IRQHandler
                0x00000534                DefaultISR
                0x00000534                UART5_ERR_DriverIRQHandler
                0x00000534                DMA11_DriverIRQHandler
                0x00000534                CMP1_IRQHandler
                0x00000534                Reserved71_IRQHandler
                0x00000534                PORTD_IRQHandler
                0x00000534                PORTB_IRQHandler
                0x00000534                DMA10_DriverIRQHandler
                0x00000534                UART2_ERR_DriverIRQHandler
                0x00000534                SPI2_DriverIRQHandler
                0x00000534                ADC1_IRQHandler
                0x00000534                DMA5_DriverIRQHandler
                0x00000534                DMA4_DriverIRQHandler
                0x00000534                PIT2_IRQHandler
                0x00000534                RTC_IRQHandler
                0x00000534                UART3_ERR_DriverIRQHandler
                0x00000534                PDB0_IRQHandler
                0x00000534                FTM1_IRQHandler
                0x00000534                DMA3_DriverIRQHandler
                0x00000534                PIT3_IRQHandler
                0x00000534                RTC_Seconds_IRQHandler
                0x00000534                MCG_IRQHandler
                0x00000534                FTFE_IRQHandler
                0x00000534                DMA9_DriverIRQHandler
                0x00000534                DMA8_DriverIRQHandler
                0x00000534                UART0_ERR_DriverIRQHandler
                0x00000534                Read_Collision_IRQHandler
                0x00000534                DMA14_DriverIRQHandler
                0x00000534                USBDCD_IRQHandler
                0x00000534                I2S0_Rx_DriverIRQHandler
                0x00000534                USB0_IRQHandler
                0x00000534                UART4_ERR_DriverIRQHandler
                0x00000534                WDOG_EWM_IRQHandler
                0x00000534                MemManage_Handler
                0x00000534                UART0_LON_DriverIRQHandler
                0x00000534                DMA1_DriverIRQHandler
                0x00000534                RNG_IRQHandler
                0x00000534                I2C1_DriverIRQHandler
                0x00000534                ENET_Receive_DriverIRQHandler
                0x00000534                DAC0_IRQHandler
                0x00000534                DMA13_DriverIRQHandler
                0x00000534                ENET_Error_DriverIRQHandler
                0x00000534                DMA15_DriverIRQHandler
                0x00000534                SPI0_DriverIRQHandler
                0x00000534                PIT1_IRQHandler
                0x00000534                LVD_LVW_IRQHandler
                0x00000534                FTM0_IRQHandler
                0x00000534                PORTA_IRQHandler
                0x00000534                DAC1_IRQHandler
                0x00000534                MCM_IRQHandler
                0x00000534                CAN0_DriverIRQHandler
                0x00000534                FTM3_IRQHandler
                0x00000534                PORTE_IRQHandler
                0x00000534                FTM2_IRQHandler
                0x00000534                LPTMR0_IRQHandler
                0x00000534                BusFault_Handler
                0x00000534                UART1_ERR_DriverIRQHandler
                0x00000534                DMA2_DriverIRQHandler
                0x00000534                ENET_Transmit_DriverIRQHandler
                0x00000534                I2C0_DriverIRQHandler
                0x00000534                DMA7_DriverIRQHandler
                0x00000534                CMP0_IRQHandler
                0x00000538                NMI_Handler
                0x0000053c                HardFault_Handler
                0x0000054c                DMA0_IRQHandler
                0x00000550                DMA1_IRQHandler
                0x00000554                DMA2_IRQHandler
                0x00000558                DMA3_IRQHandler
                0x0000055c                DMA4_IRQHandler
                0x00000560                DMA5_IRQHandler
                0x00000564                DMA6_IRQHandler
                0x00000568                DMA7_IRQHandler
                0x0000056c                DMA8_IRQHandler
                0x00000570                DMA9_IRQHandler
                0x00000574                DMA10_IRQHandler
                0x00000578                DMA11_IRQHandler
                0x0000057c                DMA12_IRQHandler
                0x00000580                DMA13_IRQHandler
                0x00000584                DMA14_IRQHandler
                0x00000588                DMA15_IRQHandler
                0x0000058c                DMA_Error_IRQHandler
                0x00000590                I2C0_IRQHandler
                0x00000594                I2C1_IRQHandler
                0x00000598                SPI0_IRQHandler
                0x0000059c                SPI1_IRQHandler
                0x000005a0                I2S0_Tx_IRQHandler
                0x000005a4                I2S0_Rx_IRQHandler
                0x000005a8                UART0_LON_IRQHandler
                0x000005ac                UART0_RX_TX_IRQHandler
                0x000005b0                UART0_ERR_IRQHandler
                0x000005b4                UART1_RX_TX_IRQHandler
                0x000005b8                UART1_ERR_IRQHandler
                0x000005bc                UART2_RX_TX_IRQHandler
                0x000005c0                UART2_ERR_IRQHandler
                0x000005c4                UART3_RX_TX_IRQHandler
                0x000005c8                UART3_ERR_IRQHandler
                0x000005cc                SPI2_IRQHandler
                0x000005d0                UART4_RX_TX_IRQHandler
                0x000005d4                UART4_ERR_IRQHandler
                0x000005d8                UART5_RX_TX_IRQHandler
                0x000005dc                UART5_ERR_IRQHandler
                0x000005e0                I2C2_IRQHandler
                0x000005e4                CAN0_ORed_Message_buffer_IRQHandler
                0x000005e8                CAN0_Bus_Off_IRQHandler
                0x000005ec                CAN0_Error_IRQHandler
                0x000005f0                CAN0_Tx_Warning_IRQHandler
                0x000005f4                CAN0_Rx_Warning_IRQHandler
                0x000005f8                CAN0_Wake_Up_IRQHandler
                0x000005fc                SDHC_IRQHandler
                0x00000600                ENET_1588_Timer_IRQHandler
                0x00000604                ENET_Transmit_IRQHandler
                0x00000608                ENET_Receive_IRQHandler
                0x0000060c                ENET_Error_IRQHandler
 *(.text*)
 .text.UART_EnableTx
                0x000006d4       0x40 ./utilities/fsl_debug_console.o
 .text.UART_EnableRx
                0x00000714       0x40 ./utilities/fsl_debug_console.o
 .text.DbgConsole_Init
                0x00000754       0x90 ./utilities/fsl_debug_console.o
                0x00000754                DbgConsole_Init
 .text.DbgConsole_Printf
                0x000007e4       0x40 ./utilities/fsl_debug_console.o
                0x000007e4                DbgConsole_Printf
 .text.DbgConsole_Putchar
                0x00000824       0x38 ./utilities/fsl_debug_console.o
                0x00000824                DbgConsole_Putchar
 .text.DbgConsole_PrintfPaddingCharacter
                0x0000085c       0x40 ./utilities/fsl_debug_console.o
 .text.DbgConsole_ConvertRadixNumToString
                0x0000089c      0x118 ./utilities/fsl_debug_console.o
 .text.DbgConsole_PrintfFormattedData
                0x000009b4      0x36c ./utilities/fsl_debug_console.o
 .text._sbrk    0x00000d20       0x5c ./utilities/fsl_sbrk.o
                0x00000d20                _sbrk
 .text.BOARD_InitDebugConsole
                0x00000d7c       0x24 ./sources/board.o
                0x00000d7c                BOARD_InitDebugConsole
 .text.CLOCK_SetSimSafeDivs
                0x00000da0       0x20 ./sources/clock_config.o
 .text.CLOCK_SetXtal0Freq
                0x00000dc0       0x1c ./sources/clock_config.o
 .text.BOARD_BootClockRUN
                0x00000ddc       0x64 ./sources/clock_config.o
                0x00000ddc                BOARD_BootClockRUN
 .text.BOARD_InitOsc0
                0x00000e40       0x30 ./sources/clock_config.o
                0x00000e40                BOARD_InitOsc0
 .text.NVIC_EnableIRQ
                0x00000e70       0x30 ./sources/freertos_queue.o
 .text.NVIC_DisableIRQ
                0x00000ea0       0x34 ./sources/freertos_queue.o
 .text.NVIC_ClearPendingIRQ
                0x00000ed4       0x34 ./sources/freertos_queue.o
 .text.main     0x00000f08       0x30 ./sources/freertos_queue.o
                0x00000f08                main
 .text.log_init
                0x00000f38       0x44 ./sources/freertos_queue.o
                0x00000f38                log_init
 .text.log_task
                0x00000f7c       0x40 ./sources/freertos_queue.o
 .text.PORTC_IRQHandler
                0x00000fbc       0x90 ./sources/freertos_queue.o
                0x00000fbc                PORTC_IRQHandler
 .text.NVIC_EnableIRQ
                0x0000104c       0x30 ./sources/pin_mux.o
 .text.NVIC_SetPriority
                0x0000107c       0x54 ./sources/pin_mux.o
 .text.CLOCK_EnableClock
                0x000010d0       0x34 ./sources/pin_mux.o
 .text.PORT_SetPinConfig
                0x00001104       0x44 ./sources/pin_mux.o
 .text.PORT_SetPinMux
                0x00001148       0x38 ./sources/pin_mux.o
 .text.PORT_SetPinInterruptConfig
                0x00001180       0x38 ./sources/pin_mux.o
 .text.BOARD_InitPins
                0x000011b8       0x94 ./sources/pin_mux.o
                0x000011b8                BOARD_InitPins
 .text.pvPortMalloc
                0x0000124c      0x184 ./freertos/Source/portable/MemMang/heap_4.o
                0x0000124c                pvPortMalloc
 .text.vPortFree
                0x000013d0       0xb0 ./freertos/Source/portable/MemMang/heap_4.o
                0x000013d0                vPortFree
 .text.prvHeapInit
                0x00001480       0xc4 ./freertos/Source/portable/MemMang/heap_4.o
 .text.prvInsertBlockIntoFreeList
                0x00001544       0xb0 ./freertos/Source/portable/MemMang/heap_4.o
 .text.vPortSetupTimerInterrupt
                0x000015f4       0x40 ./freertos/Source/portable/GCC/ARM_CM4F/fsl_tickless_systick.o
                0x000015f4                vPortSetupTimerInterrupt
 .text.pxPortInitialiseStack
                0x00001634       0x68 ./freertos/Source/portable/GCC/ARM_CM4F/port.o
                0x00001634                pxPortInitialiseStack
 .text.prvTaskExitError
                0x0000169c       0x3c ./freertos/Source/portable/GCC/ARM_CM4F/port.o
 *fill*         0x000016d8        0x8 
 .text.SVC_Handler
                0x000016e0       0x30 ./freertos/Source/portable/GCC/ARM_CM4F/port.o
                0x000016e0                SVC_Handler
 .text.prvPortStartFirstTask
                0x00001710       0x20 ./freertos/Source/portable/GCC/ARM_CM4F/port.o
 .text.xPortStartScheduler
                0x00001730      0x118 ./freertos/Source/portable/GCC/ARM_CM4F/port.o
                0x00001730                xPortStartScheduler
 .text.vPortEnterCritical
                0x00001848       0x5c ./freertos/Source/portable/GCC/ARM_CM4F/port.o
                0x00001848                vPortEnterCritical
 .text.vPortExitCritical
                0x000018a4       0x4c ./freertos/Source/portable/GCC/ARM_CM4F/port.o
                0x000018a4                vPortExitCritical
 .text.PendSV_Handler
                0x000018f0       0x70 ./freertos/Source/portable/GCC/ARM_CM4F/port.o
                0x000018f0                PendSV_Handler
 .text.SysTick_Handler
                0x00001960       0x40 ./freertos/Source/portable/GCC/ARM_CM4F/port.o
                0x00001960                SysTick_Handler
 .text.vPortEnableVFP
                0x000019a0       0x14 ./freertos/Source/portable/GCC/ARM_CM4F/port.o
 .text.vPortValidateInterruptPriority
                0x000019b4       0x7c ./freertos/Source/portable/GCC/ARM_CM4F/port.o
                0x000019b4                vPortValidateInterruptPriority
 .text.vListInitialise
                0x00001a30       0x40 ./freertos/Source/list.o
                0x00001a30                vListInitialise
 .text.vListInitialiseItem
                0x00001a70       0x18 ./freertos/Source/list.o
                0x00001a70                vListInitialiseItem
 .text.vListInsertEnd
                0x00001a88       0x48 ./freertos/Source/list.o
                0x00001a88                vListInsertEnd
 .text.vListInsert
                0x00001ad0       0x70 ./freertos/Source/list.o
                0x00001ad0                vListInsert
 .text.uxListRemove
                0x00001b40       0x54 ./freertos/Source/list.o
                0x00001b40                uxListRemove
 .text.xQueueGenericReset
                0x00001b94       0xd0 ./freertos/Source/queue.o
                0x00001b94                xQueueGenericReset
 .text.xQueueGenericCreate
                0x00001c64       0x70 ./freertos/Source/queue.o
                0x00001c64                xQueueGenericCreate
 .text.prvInitialiseNewQueue
                0x00001cd4       0x44 ./freertos/Source/queue.o
 .text.xQueueGenericSend
                0x00001d18      0x1fc ./freertos/Source/queue.o
                0x00001d18                xQueueGenericSend
 .text.xQueueGenericSendFromISR
                0x00001f14      0x128 ./freertos/Source/queue.o
                0x00001f14                xQueueGenericSendFromISR
 .text.xQueueGenericReceive
                0x0000203c      0x22c ./freertos/Source/queue.o
                0x0000203c                xQueueGenericReceive
 .text.prvCopyDataToQueue
                0x00002268       0xd8 ./freertos/Source/queue.o
 .text.prvCopyDataFromQueue
                0x00002340       0x4c ./freertos/Source/queue.o
 .text.prvUnlockQueue
                0x0000238c       0xa0 ./freertos/Source/queue.o
 .text.prvIsQueueEmpty
                0x0000242c       0x2c ./freertos/Source/queue.o
 .text.prvIsQueueFull
                0x00002458       0x30 ./freertos/Source/queue.o
 .text.vQueueAddToRegistry
                0x00002488       0x50 ./freertos/Source/queue.o
                0x00002488                vQueueAddToRegistry
 .text.vQueueWaitForMessageRestricted
                0x000024d8       0x6c ./freertos/Source/queue.o
                0x000024d8                vQueueWaitForMessageRestricted
 .text.xTaskCreate
                0x00002544       0x84 ./freertos/Source/tasks.o
                0x00002544                xTaskCreate
 .text.prvInitialiseNewTask
                0x000025c8      0x128 ./freertos/Source/tasks.o
 .text.prvAddNewTaskToReadyList
                0x000026f0       0xdc ./freertos/Source/tasks.o
 .text.vTaskStartScheduler
                0x000027cc       0x98 ./freertos/Source/tasks.o
                0x000027cc                vTaskStartScheduler
 .text.vTaskSuspendAll
                0x00002864       0x1c ./freertos/Source/tasks.o
                0x00002864                vTaskSuspendAll
 .text.xTaskResumeAll
                0x00002880      0x138 ./freertos/Source/tasks.o
                0x00002880                xTaskResumeAll
 .text.xTaskGetTickCount
                0x000029b8       0x20 ./freertos/Source/tasks.o
                0x000029b8                xTaskGetTickCount
 .text.xTaskIncrementTick
                0x000029d8      0x15c ./freertos/Source/tasks.o
                0x000029d8                xTaskIncrementTick
 .text.vTaskSwitchContext
                0x00002b34       0xb4 ./freertos/Source/tasks.o
                0x00002b34                vTaskSwitchContext
 .text.vTaskPlaceOnEventList
                0x00002be8       0x44 ./freertos/Source/tasks.o
                0x00002be8                vTaskPlaceOnEventList
 .text.vTaskPlaceOnEventListRestricted
                0x00002c2c       0x54 ./freertos/Source/tasks.o
                0x00002c2c                vTaskPlaceOnEventListRestricted
 .text.xTaskRemoveFromEventList
                0x00002c80       0xc4 ./freertos/Source/tasks.o
                0x00002c80                xTaskRemoveFromEventList
 .text.vTaskSetTimeOutState
                0x00002d44       0x44 ./freertos/Source/tasks.o
                0x00002d44                vTaskSetTimeOutState
 .text.xTaskCheckForTimeOut
                0x00002d88       0xbc ./freertos/Source/tasks.o
                0x00002d88                xTaskCheckForTimeOut
 .text.vTaskMissedYield
                0x00002e44       0x18 ./freertos/Source/tasks.o
                0x00002e44                vTaskMissedYield
 .text.prvIdleTask
                0x00002e5c       0x30 ./freertos/Source/tasks.o
 .text.prvInitialiseTaskLists
                0x00002e8c       0x7c ./freertos/Source/tasks.o
 .text.prvCheckTasksWaitingTermination
                0x00002f08       0x74 ./freertos/Source/tasks.o
 .text.prvDeleteTCB
                0x00002f7c       0x20 ./freertos/Source/tasks.o
 .text.prvResetNextTaskUnblockTime
                0x00002f9c       0x48 ./freertos/Source/tasks.o
 .text.xTaskGetSchedulerState
                0x00002fe4       0x3c ./freertos/Source/tasks.o
                0x00002fe4                xTaskGetSchedulerState
 .text.vTaskPriorityInherit
                0x00003020       0xec ./freertos/Source/tasks.o
                0x00003020                vTaskPriorityInherit
 .text.xTaskPriorityDisinherit
                0x0000310c      0x108 ./freertos/Source/tasks.o
                0x0000310c                xTaskPriorityDisinherit
 .text.pvTaskIncrementMutexHeldCount
                0x00003214       0x28 ./freertos/Source/tasks.o
                0x00003214                pvTaskIncrementMutexHeldCount
 .text.prvAddCurrentTaskToDelayedList
                0x0000323c       0xc8 ./freertos/Source/tasks.o
 .text.xTimerCreateTimerTask
                0x00003304       0x64 ./freertos/Source/timers.o
                0x00003304                xTimerCreateTimerTask
 .text.xTimerGenericCommand
                0x00003368       0xa4 ./freertos/Source/timers.o
                0x00003368                xTimerGenericCommand
 .text.prvProcessExpiredTimer
                0x0000340c       0x80 ./freertos/Source/timers.o
 .text.prvTimerTask
                0x0000348c       0x24 ./freertos/Source/timers.o
 .text.prvProcessTimerOrBlockTask
                0x000034b0       0x9c ./freertos/Source/timers.o
 .text.prvGetNextExpireTime
                0x0000354c       0x48 ./freertos/Source/timers.o
 .text.prvSampleTimeNow
                0x00003594       0x40 ./freertos/Source/timers.o
 .text.prvInsertTimerInActiveList
                0x000035d4       0x84 ./freertos/Source/timers.o
 .text.prvProcessReceivedCommands
                0x00003658      0x12c ./freertos/Source/timers.o
 .text.prvSwitchTimerLists
                0x00003784       0xc0 ./freertos/Source/timers.o
 .text.prvCheckForValidListAndQueue
                0x00003844       0x6c ./freertos/Source/timers.o
 .text.CLOCK_SetEr32kClock
                0x000038b0       0x2c ./drivers/fsl_clock.o
 .text.CLOCK_SetPllFllSelClock
                0x000038dc       0x38 ./drivers/fsl_clock.o
 .text.OSC_SetExtRefClkConfig
                0x00003914       0x34 ./drivers/fsl_clock.o
 .text.OSC_SetCapLoad
                0x00003948       0x34 ./drivers/fsl_clock.o
 .text.CLOCK_GetMcgExtClkFreq
                0x0000397c       0x8c ./drivers/fsl_clock.o
 .text.CLOCK_GetFllExtRefClkFreq
                0x00003a08       0xc8 ./drivers/fsl_clock.o
 .text.CLOCK_GetInternalRefClkSelectFreq
                0x00003ad0       0x44 ./drivers/fsl_clock.o
 .text.CLOCK_GetFllRefClkFreq
                0x00003b14       0x2c ./drivers/fsl_clock.o
 .text.CLOCK_GetPll0RefFreq
                0x00003b40       0x10 ./drivers/fsl_clock.o
 .text.CLOCK_GetOscRangeFromFreq
                0x00003b50       0x3c ./drivers/fsl_clock.o
 .text.CLOCK_GetCoreSysClkFreq
                0x00003b8c       0x24 ./drivers/fsl_clock.o
                0x00003b8c                CLOCK_GetCoreSysClkFreq
 .text.CLOCK_SetSimConfig
                0x00003bb0       0x34 ./drivers/fsl_clock.o
                0x00003bb0                CLOCK_SetSimConfig
 .text.CLOCK_GetOutClkFreq
                0x00003be4       0x64 ./drivers/fsl_clock.o
                0x00003be4                CLOCK_GetOutClkFreq
 .text.CLOCK_GetFllFreq
                0x00003c48       0x74 ./drivers/fsl_clock.o
                0x00003c48                CLOCK_GetFllFreq
 .text.CLOCK_GetPll0Freq
                0x00003cbc       0x78 ./drivers/fsl_clock.o
                0x00003cbc                CLOCK_GetPll0Freq
 .text.CLOCK_SetExternalRefClkConfig
                0x00003d34       0x90 ./drivers/fsl_clock.o
                0x00003d34                CLOCK_SetExternalRefClkConfig
 .text.CLOCK_SetInternalRefClkConfig
                0x00003dc4      0x104 ./drivers/fsl_clock.o
                0x00003dc4                CLOCK_SetInternalRefClkConfig
 .text.CLOCK_EnablePll0
                0x00003ec8       0x94 ./drivers/fsl_clock.o
                0x00003ec8                CLOCK_EnablePll0
 .text.CLOCK_InitOsc0
                0x00003f5c       0x8c ./drivers/fsl_clock.o
                0x00003f5c                CLOCK_InitOsc0
 .text.CLOCK_SetPbeMode
                0x00003fe8       0xb8 ./drivers/fsl_clock.o
                0x00003fe8                CLOCK_SetPbeMode
 .text.CLOCK_BootToPeeMode
                0x000040a0       0x74 ./drivers/fsl_clock.o
                0x000040a0                CLOCK_BootToPeeMode
 .text.__assert_func
                0x00004114       0x28 ./drivers/fsl_common.o
                0x00004114                __assert_func
 .text.GPIO_WritePinOutput
                0x0000413c       0x34 ./drivers/fsl_gpio.o
 .text.GPIO_PinInit
                0x00004170       0x70 ./drivers/fsl_gpio.o
                0x00004170                GPIO_PinInit
 .text.CLOCK_EnableClock
                0x000041e0       0x34 ./drivers/fsl_uart.o
 .text.UART_GetInstance
                0x00004214       0x60 ./drivers/fsl_uart.o
                0x00004214                UART_GetInstance
 .text.UART_Init
                0x00004274      0x2d8 ./drivers/fsl_uart.o
                0x00004274                UART_Init
 .text.UART_GetDefaultConfig
                0x0000454c       0x5c ./drivers/fsl_uart.o
                0x0000454c                UART_GetDefaultConfig
 .text.UART_GetStatusFlags
                0x000045a8       0x48 ./drivers/fsl_uart.o
                0x000045a8                UART_GetStatusFlags
 .text.UART_WriteBlocking
                0x000045f0       0x40 ./drivers/fsl_uart.o
                0x000045f0                UART_WriteBlocking
 .text.UART_ReadBlocking
                0x00004630       0xa4 ./drivers/fsl_uart.o
                0x00004630                UART_ReadBlocking
 .text.UART0_DriverIRQHandler
                0x000046d4       0x20 ./drivers/fsl_uart.o
                0x000046d4                UART0_DriverIRQHandler
 .text.UART0_RX_TX_DriverIRQHandler
                0x000046f4        0xc ./drivers/fsl_uart.o
                0x000046f4                UART0_RX_TX_DriverIRQHandler
 .text.UART1_DriverIRQHandler
                0x00004700       0x20 ./drivers/fsl_uart.o
                0x00004700                UART1_DriverIRQHandler
 .text.UART1_RX_TX_DriverIRQHandler
                0x00004720        0xc ./drivers/fsl_uart.o
                0x00004720                UART1_RX_TX_DriverIRQHandler
 .text.UART2_DriverIRQHandler
                0x0000472c       0x20 ./drivers/fsl_uart.o
                0x0000472c                UART2_DriverIRQHandler
 .text.UART2_RX_TX_DriverIRQHandler
                0x0000474c        0xc ./drivers/fsl_uart.o
                0x0000474c                UART2_RX_TX_DriverIRQHandler
 .text.UART3_DriverIRQHandler
                0x00004758       0x20 ./drivers/fsl_uart.o
                0x00004758                UART3_DriverIRQHandler
 .text.UART3_RX_TX_DriverIRQHandler
                0x00004778        0xc ./drivers/fsl_uart.o
                0x00004778                UART3_RX_TX_DriverIRQHandler
 .text.UART4_DriverIRQHandler
                0x00004784       0x20 ./drivers/fsl_uart.o
                0x00004784                UART4_DriverIRQHandler
 .text.UART4_RX_TX_DriverIRQHandler
                0x000047a4        0xc ./drivers/fsl_uart.o
                0x000047a4                UART4_RX_TX_DriverIRQHandler
 .text.UART5_DriverIRQHandler
                0x000047b0       0x20 ./drivers/fsl_uart.o
                0x000047b0                UART5_DriverIRQHandler
 .text.UART5_RX_TX_DriverIRQHandler
                0x000047d0        0xc ./drivers/fsl_uart.o
                0x000047d0                UART5_RX_TX_DriverIRQHandler
 .text.SystemInit
                0x000047dc       0x3c ./devices/system_MK64F12.o
                0x000047dc                SystemInit
 .text.__errno  0x00004818        0xc /opt/Freescale/KDS_v3/toolchain/bin/../lib/gcc/arm-none-eabi/4.8.4/../../../../arm-none-eabi/lib/armv7e-m/fpu/libg_s.a(lib_a-errno.o)
                0x00004818                __errno
 .text.exit     0x00004824       0x28 /opt/Freescale/KDS_v3/toolchain/bin/../lib/gcc/arm-none-eabi/4.8.4/../../../../arm-none-eabi/lib/armv7e-m/fpu/libg_s.a(lib_a-exit.o)
                0x00004824                exit
 .text.__libc_init_array
                0x0000484c       0x4c /opt/Freescale/KDS_v3/toolchain/bin/../lib/gcc/arm-none-eabi/4.8.4/../../../../arm-none-eabi/lib/armv7e-m/fpu/libg_s.a(lib_a-init.o)
                0x0000484c                __libc_init_array
 .text.memcpy   0x00004898       0x12 /opt/Freescale/KDS_v3/toolchain/bin/../lib/gcc/arm-none-eabi/4.8.4/../../../../arm-none-eabi/lib/armv7e-m/fpu/libg_s.a(lib_a-memcpy-stub.o)
                0x00004898                memcpy
 .text.memset   0x000048aa       0x10 /opt/Freescale/KDS_v3/toolchain/bin/../lib/gcc/arm-none-eabi/4.8.4/../../../../arm-none-eabi/lib/armv7e-m/fpu/libg_s.a(lib_a-memset.o)
                0x000048aa                memset
 *fill*         0x000048ba        0x2 
 .text.sprintf  0x000048bc       0x48 /opt/Freescale/KDS_v3/toolchain/bin/../lib/gcc/arm-none-eabi/4.8.4/../../../../arm-none-eabi/lib/armv7e-m/fpu/libg_s.a(lib_a-sprintf.o)
                0x000048bc                sprintf
                0x000048bc                siprintf
 .text.strlen   0x00004904       0x10 /opt/Freescale/KDS_v3/toolchain/bin/../lib/gcc/arm-none-eabi/4.8.4/../../../../arm-none-eabi/lib/armv7e-m/fpu/libg_s.a(lib_a-strlen.o)
                0x00004904                strlen
 .text.__ssputs_r
                0x00004914       0xb8 /opt/Freescale/KDS_v3/toolchain/bin/../lib/gcc/arm-none-eabi/4.8.4/../../../../arm-none-eabi/lib/armv7e-m/fpu/libg_s.a(lib_a-svfprintf.o)
                0x00004914                __ssputs_r
 .text._svfprintf_r
                0x000049cc      0x1dc /opt/Freescale/KDS_v3/toolchain/bin/../lib/gcc/arm-none-eabi/4.8.4/../../../../arm-none-eabi/lib/armv7e-m/fpu/libg_s.a(lib_a-svfprintf.o)
                0x000049cc                _svfprintf_r
                0x000049cc                _svfiprintf_r
 .text._printf_common
                0x00004ba8       0xe4 /opt/Freescale/KDS_v3/toolchain/bin/../lib/gcc/arm-none-eabi/4.8.4/../../../../arm-none-eabi/lib/armv7e-m/fpu/libg_s.a(lib_a-vfprintf_i.o)
                0x00004ba8                _printf_common
 .text._printf_i
                0x00004c8c      0x228 /opt/Freescale/KDS_v3/toolchain/bin/../lib/gcc/arm-none-eabi/4.8.4/../../../../arm-none-eabi/lib/armv7e-m/fpu/libg_s.a(lib_a-vfprintf_i.o)
                0x00004c8c                _printf_i
 .text.memchr   0x00004eb4       0x1e /opt/Freescale/KDS_v3/toolchain/bin/../lib/gcc/arm-none-eabi/4.8.4/../../../../arm-none-eabi/lib/armv7e-m/fpu/libg_s.a(lib_a-memchr-stub.o)
                0x00004eb4                memchr
 .text.memmove  0x00004ed2       0x36 /opt/Freescale/KDS_v3/toolchain/bin/../lib/gcc/arm-none-eabi/4.8.4/../../../../arm-none-eabi/lib/armv7e-m/fpu/libg_s.a(lib_a-memmove.o)
                0x00004ed2                memmove
 .text._free_r  0x00004f08       0x88 /opt/Freescale/KDS_v3/toolchain/bin/../lib/gcc/arm-none-eabi/4.8.4/../../../../arm-none-eabi/lib/armv7e-m/fpu/libg_s.a(lib_a-nano-freer.o)
                0x00004f08                _free_r
 .text._malloc_r
                0x00004f90       0xa8 /opt/Freescale/KDS_v3/toolchain/bin/../lib/gcc/arm-none-eabi/4.8.4/../../../../arm-none-eabi/lib/armv7e-m/fpu/libg_s.a(lib_a-nano-mallocr.o)
                0x00004f90                _malloc_r
 .text._realloc_r
                0x00005038       0x4c /opt/Freescale/KDS_v3/toolchain/bin/../lib/gcc/arm-none-eabi/4.8.4/../../../../arm-none-eabi/lib/armv7e-m/fpu/libg_s.a(lib_a-nano-reallocr.o)
                0x00005038                _realloc_r
 .text._sbrk_r  0x00005084       0x20 /opt/Freescale/KDS_v3/toolchain/bin/../lib/gcc/arm-none-eabi/4.8.4/../../../../arm-none-eabi/lib/armv7e-m/fpu/libg_s.a(lib_a-sbrkr.o)
                0x00005084                _sbrk_r
 .text._malloc_usable_size_r
                0x000050a4       0x12 /opt/Freescale/KDS_v3/toolchain/bin/../lib/gcc/arm-none-eabi/4.8.4/../../../../arm-none-eabi/lib/armv7e-m/fpu/libg_s.a(lib_a-nano-msizer.o)
                0x000050a4                _malloc_usable_size_r
 *fill*         0x000050b6        0x2 
 .text._exit    0x000050b8        0x4 /opt/Freescale/KDS_v3/toolchain/bin/../lib/gcc/arm-none-eabi/4.8.4/../../../../arm-none-eabi/lib/armv7e-m/fpu/libnosys.a(_exit.o)
                0x000050b8                _exit
 *(.rodata)
 .rodata        0x000050bc       0x1c ./sources/clock_config.o
 .rodata        0x000050d8       0x48 ./sources/freertos_queue.o
 .rodata        0x00005120       0x20 ./sources/pin_mux.o
 .rodata        0x00005140        0x8 ./freertos/Source/tasks.o
 .rodata        0x00005148       0x10 ./freertos/Source/timers.o
 .rodata        0x00005158       0x48 ./drivers/fsl_clock.o
 .rodata        0x000051a0       0x40 ./drivers/fsl_common.o
 .rodata        0x000051e0       0x48 ./drivers/fsl_gpio.o
 .rodata        0x00005228      0x12c ./drivers/fsl_uart.o
 *(.rodata*)
 .rodata.__func__.6361
                0x00005354       0x14 ./sources/pin_mux.o
 .rodata.__func__.6318
                0x00005368       0x18 ./drivers/fsl_clock.o
 .rodata.fllFactorTable.6446
                0x00005380       0x10 ./drivers/fsl_clock.o
 .rodata.__func__.6461
                0x00005390       0x14 ./drivers/fsl_clock.o
 .rodata.__func__.6509
                0x000053a4       0x14 ./drivers/fsl_clock.o
 .rodata.__func__.6645
                0x000053b8       0x14 ./drivers/fsl_clock.o
 .rodata.__func__.6709
                0x000053cc       0x14 ./drivers/fsl_clock.o
 .rodata.__func__.6342
                0x000053e0       0x10 ./drivers/fsl_gpio.o
 .rodata.s_uartBases
                0x000053f0       0x18 ./drivers/fsl_uart.o
 .rodata.s_uartClock
                0x00005408       0x18 ./drivers/fsl_uart.o
 .rodata.__func__.6517
                0x00005420       0x14 ./drivers/fsl_uart.o
 .rodata.__func__.6533
                0x00005434        0xc ./drivers/fsl_uart.o
 .rodata.__func__.6551
                0x00005440       0x18 ./drivers/fsl_uart.o
 .rodata.__func__.6611
                0x00005458       0x14 ./drivers/fsl_uart.o
 .rodata.str1.1
                0x0000546c        0x2 /opt/Freescale/KDS_v3/toolchain/bin/../lib/gcc/arm-none-eabi/4.8.4/../../../../arm-none-eabi/lib/armv7e-m/fpu/libg_s.a(lib_a-impure.o)
 *fill*         0x0000546e        0x2 
 .rodata._global_impure_ptr
                0x00005470        0x4 /opt/Freescale/KDS_v3/toolchain/bin/../lib/gcc/arm-none-eabi/4.8.4/../../../../arm-none-eabi/lib/armv7e-m/fpu/libg_s.a(lib_a-impure.o)
                0x00005470                _global_impure_ptr
 .rodata.str1.1
                0x00005474       0x11 /opt/Freescale/KDS_v3/toolchain/bin/../lib/gcc/arm-none-eabi/4.8.4/../../../../arm-none-eabi/lib/armv7e-m/fpu/libg_s.a(lib_a-svfprintf.o)
 .rodata.str1.1
                0x00005485       0x22 /opt/Freescale/KDS_v3/toolchain/bin/../lib/gcc/arm-none-eabi/4.8.4/../../../../arm-none-eabi/lib/armv7e-m/fpu/libg_s.a(lib_a-vfprintf_i.o)
 *(.glue_7)
 .glue_7        0x00000000        0x0 linker stubs
 *(.glue_7t)
 .glue_7t       0x00000000        0x0 linker stubs
 *(.eh_frame)
 *fill*         0x000054a7        0x1 
 .eh_frame      0x000054a8        0x0 /opt/Freescale/KDS_v3/toolchain/bin/../lib/gcc/arm-none-eabi/4.8.4/armv7e-m/fpu/crtbegin.o
 *(.init)
 .init          0x000054a8        0x4 /opt/Freescale/KDS_v3/toolchain/bin/../lib/gcc/arm-none-eabi/4.8.4/armv7e-m/fpu/crti.o
                0x000054a8                _init
 .init          0x000054ac        0x8 /opt/Freescale/KDS_v3/toolchain/bin/../lib/gcc/arm-none-eabi/4.8.4/armv7e-m/fpu/crtn.o
 *(.fini)
 .fini          0x000054b4        0x4 /opt/Freescale/KDS_v3/toolchain/bin/../lib/gcc/arm-none-eabi/4.8.4/armv7e-m/fpu/crti.o
                0x000054b4                _fini
 .fini          0x000054b8        0x8 /opt/Freescale/KDS_v3/toolchain/bin/../lib/gcc/arm-none-eabi/4.8.4/armv7e-m/fpu/crtn.o
                0x000054c0                . = ALIGN (0x4)

.vfp11_veneer   0x000054c0        0x0
 .vfp11_veneer  0x00000000        0x0 linker stubs

.v4_bx          0x000054c0        0x0
 .v4_bx         0x00000000        0x0 linker stubs

.iplt           0x000054c0        0x0
 .iplt          0x00000000        0x0 /opt/Freescale/KDS_v3/toolchain/bin/../lib/gcc/arm-none-eabi/4.8.4/armv7e-m/fpu/crtbegin.o

.ARM.extab
 *(.ARM.extab* .gnu.linkonce.armextab.*)

.ARM            0x000054c0        0x8
                0x000054c0                __exidx_start = .
 *(.ARM.exidx*)
 .ARM.exidx     0x000054c0        0x8 /opt/Freescale/KDS_v3/toolchain/bin/../lib/gcc/arm-none-eabi/4.8.4/../../../../arm-none-eabi/lib/armv7e-m/fpu/crt0.o
                0x000054c8                __exidx_end = .

.rel.dyn        0x000054c8        0x0
 .rel.iplt      0x00000000        0x0 /opt/Freescale/KDS_v3/toolchain/bin/../lib/gcc/arm-none-eabi/4.8.4/armv7e-m/fpu/crtbegin.o

.ctors          0x000054c8        0x0
                0x000054c8                __CTOR_LIST__ = .
 *crtbegin.o(.ctors)
 *crtbegin?.o(.ctors)
 *(EXCLUDE_FILE(*crtend.o *crtend?.o) .ctors)
 *(SORT(.ctors.*))
 *(.ctors)
                0x000054c8                __CTOR_END__ = .

.dtors          0x000054c8        0x0
                0x000054c8                __DTOR_LIST__ = .
 *crtbegin.o(.dtors)
 *crtbegin?.o(.dtors)
 *(EXCLUDE_FILE(*crtend.o *crtend?.o) .dtors)
 *(SORT(.dtors.*))
 *(.dtors)
                0x000054c8                __DTOR_END__ = .

.preinit_array  0x000054c8        0x0
                0x000054c8                PROVIDE (__preinit_array_start, .)
 *(.preinit_array*)
                0x000054c8                PROVIDE (__preinit_array_end, .)

.init_array     0x000054c8        0x4
                0x000054c8                PROVIDE (__init_array_start, .)
 *(SORT(.init_array.*))
 *(.init_array*)
 .init_array    0x000054c8        0x4 /opt/Freescale/KDS_v3/toolchain/bin/../lib/gcc/arm-none-eabi/4.8.4/armv7e-m/fpu/crtbegin.o
                0x000054cc                PROVIDE (__init_array_end, .)

.fini_array     0x000054cc        0x4
                0x000054cc                PROVIDE (__fini_array_start, .)
 *(SORT(.fini_array.*))
 *(.fini_array*)
 .fini_array    0x000054cc        0x4 /opt/Freescale/KDS_v3/toolchain/bin/../lib/gcc/arm-none-eabi/4.8.4/armv7e-m/fpu/crtbegin.o
                0x000054d0                PROVIDE (__fini_array_end, .)
                0x000054d0                __etext = .
                0x000054d0                __DATA_ROM = .

.interrupts_ram
                0x1fff0000        0x0
                0x1fff0000                . = ALIGN (0x4)
                0x1fff0000                __VECTOR_RAM__ = .
                0x1fff0000                __interrupts_ram_start__ = .
 *(.m_interrupts_ram)
                0x1fff0000                . = (. + M_VECTOR_RAM_SIZE)
                0x1fff0000                . = ALIGN (0x4)
                0x1fff0000                __interrupts_ram_end__ = .
                0x00000000                __VECTOR_RAM = DEFINED (__ram_vector_table__)?__VECTOR_RAM__:ORIGIN (m_interrupts)
                0x00000000                __RAM_VECTOR_TABLE_SIZE_BYTES = DEFINED (__ram_vector_table__)?(__interrupts_ram_end__ - __interrupts_ram_start__):0x0

.data           0x1fff0000       0x7c load address 0x000054d0
                0x1fff0000                . = ALIGN (0x4)
                0x1fff0000                __DATA_RAM = .
                0x1fff0000                __data_start__ = .
 *(.data)
 *(.data*)
 .data.config_pin_sw2
                0x1fff0000        0x4 ./sources/pin_mux.o
                0x1fff0000                config_pin_sw2
 .data.uxCriticalNesting
                0x1fff0004        0x4 ./freertos/Source/portable/GCC/ARM_CM4F/port.o
 .data.s_slowIrcFreq
                0x1fff0008        0x4 ./drivers/fsl_clock.o
 .data.s_fastIrcFreq
                0x1fff000c        0x4 ./drivers/fsl_clock.o
 .data.SystemCoreClock
                0x1fff0010        0x4 ./devices/system_MK64F12.o
                0x1fff0010                SystemCoreClock
 .data.impure_data
                0x1fff0014       0x60 /opt/Freescale/KDS_v3/toolchain/bin/../lib/gcc/arm-none-eabi/4.8.4/../../../../arm-none-eabi/lib/armv7e-m/fpu/libg_s.a(lib_a-impure.o)
 .data._impure_ptr
                0x1fff0074        0x4 /opt/Freescale/KDS_v3/toolchain/bin/../lib/gcc/arm-none-eabi/4.8.4/../../../../arm-none-eabi/lib/armv7e-m/fpu/libg_s.a(lib_a-impure.o)
                0x1fff0074                _impure_ptr
 *(.jcr*)
 .jcr           0x1fff0078        0x0 /opt/Freescale/KDS_v3/toolchain/bin/../lib/gcc/arm-none-eabi/4.8.4/armv7e-m/fpu/crtbegin.o
 .jcr           0x1fff0078        0x4 /opt/Freescale/KDS_v3/toolchain/bin/../lib/gcc/arm-none-eabi/4.8.4/armv7e-m/fpu/crtend.o
                0x1fff007c                . = ALIGN (0x4)
                0x1fff007c                __data_end__ = .
                0x0000554c                __DATA_END = (__DATA_ROM + (__data_end__ - __data_start__))
                0x00100000                text_end = (ORIGIN (m_text) + 0xffbf0)
                0x00000001                ASSERT ((__DATA_END <= text_end), region m_text overflowed with text and data)
                0x00000000                USB_RAM_GAP = DEFINED (__usb_ram_size__)?__usb_ram_size__:0x0

.igot.plt       0x1fff007c        0x0 load address 0x0000554c
 .igot.plt      0x00000000        0x0 /opt/Freescale/KDS_v3/toolchain/bin/../lib/gcc/arm-none-eabi/4.8.4/armv7e-m/fpu/crtbegin.o

.bss            0x1fff007c     0x2b88 load address 0x0000554c
                0x1fff007c                . = ALIGN (0x4)
                0x1fff007c                __START_BSS = .
                0x1fff007c                __bss_start__ = .
 *(.bss)
 .bss           0x1fff007c       0x1c /opt/Freescale/KDS_v3/toolchain/bin/../lib/gcc/arm-none-eabi/4.8.4/armv7e-m/fpu/crtbegin.o
 *(.bss*)
 .bss.s_debugConsole
                0x1fff0098       0x10 ./utilities/fsl_debug_console.o
 .bss.heap_end.4522
                0x1fff00a8        0x4 ./utilities/fsl_sbrk.o
 .bss.log_queue
                0x1fff00ac        0x4 ./sources/freertos_queue.o
 .bss.gpio_config_sw2
                0x1fff00b0        0x4 ./sources/freertos_queue.o
                0x1fff00b0                gpio_config_sw2
 .bss.ucHeap    0x1fff00b4     0x2800 ./freertos/Source/portable/MemMang/heap_4.o
 .bss.xStart    0x1fff28b4        0x8 ./freertos/Source/portable/MemMang/heap_4.o
 .bss.pxEnd     0x1fff28bc        0x4 ./freertos/Source/portable/MemMang/heap_4.o
 .bss.xFreeBytesRemaining
                0x1fff28c0        0x4 ./freertos/Source/portable/MemMang/heap_4.o
 .bss.xMinimumEverFreeBytesRemaining
                0x1fff28c4        0x4 ./freertos/Source/portable/MemMang/heap_4.o
 .bss.xBlockAllocatedBit
                0x1fff28c8        0x4 ./freertos/Source/portable/MemMang/heap_4.o
 .bss.ucMaxSysCallPriority
                0x1fff28cc        0x1 ./freertos/Source/portable/GCC/ARM_CM4F/port.o
 *fill*         0x1fff28cd        0x3 
 .bss.ulMaxPRIGROUPValue
                0x1fff28d0        0x4 ./freertos/Source/portable/GCC/ARM_CM4F/port.o
 .bss.xQueueRegistry
                0x1fff28d4       0x40 ./freertos/Source/queue.o
                0x1fff28d4                xQueueRegistry
 .bss.pxCurrentTCB
                0x1fff2914        0x4 ./freertos/Source/tasks.o
                0x1fff2914                pxCurrentTCB
 .bss.pxReadyTasksLists
                0x1fff2918       0x64 ./freertos/Source/tasks.o
 .bss.xDelayedTaskList1
                0x1fff297c       0x14 ./freertos/Source/tasks.o
 .bss.xDelayedTaskList2
                0x1fff2990       0x14 ./freertos/Source/tasks.o
 .bss.pxDelayedTaskList
                0x1fff29a4        0x4 ./freertos/Source/tasks.o
 .bss.pxOverflowDelayedTaskList
                0x1fff29a8        0x4 ./freertos/Source/tasks.o
 .bss.xPendingReadyList
                0x1fff29ac       0x14 ./freertos/Source/tasks.o
 .bss.xTasksWaitingTermination
                0x1fff29c0       0x14 ./freertos/Source/tasks.o
 .bss.uxDeletedTasksWaitingCleanUp
                0x1fff29d4        0x4 ./freertos/Source/tasks.o
 .bss.xSuspendedTaskList
                0x1fff29d8       0x14 ./freertos/Source/tasks.o
 .bss.uxCurrentNumberOfTasks
                0x1fff29ec        0x4 ./freertos/Source/tasks.o
 .bss.xTickCount
                0x1fff29f0        0x4 ./freertos/Source/tasks.o
 .bss.uxTopReadyPriority
                0x1fff29f4        0x4 ./freertos/Source/tasks.o
 .bss.xSchedulerRunning
                0x1fff29f8        0x4 ./freertos/Source/tasks.o
 .bss.uxPendedTicks
                0x1fff29fc        0x4 ./freertos/Source/tasks.o
 .bss.xYieldPending
                0x1fff2a00        0x4 ./freertos/Source/tasks.o
 .bss.xNumOfOverflows
                0x1fff2a04        0x4 ./freertos/Source/tasks.o
 .bss.uxTaskNumber
                0x1fff2a08        0x4 ./freertos/Source/tasks.o
 .bss.xNextTaskUnblockTime
                0x1fff2a0c        0x4 ./freertos/Source/tasks.o
 .bss.xIdleTaskHandle
                0x1fff2a10        0x4 ./freertos/Source/tasks.o
 .bss.uxSchedulerSuspended
                0x1fff2a14        0x4 ./freertos/Source/tasks.o
 .bss.xActiveTimerList1
                0x1fff2a18       0x14 ./freertos/Source/timers.o
 .bss.xActiveTimerList2
                0x1fff2a2c       0x14 ./freertos/Source/timers.o
 .bss.pxCurrentTimerList
                0x1fff2a40        0x4 ./freertos/Source/timers.o
 .bss.pxOverflowTimerList
                0x1fff2a44        0x4 ./freertos/Source/timers.o
 .bss.xTimerQueue
                0x1fff2a48        0x4 ./freertos/Source/timers.o
 .bss.xTimerTaskHandle
                0x1fff2a4c        0x4 ./freertos/Source/timers.o
 .bss.xLastTime.4860
                0x1fff2a50        0x4 ./freertos/Source/timers.o
 .bss.g_xtal0Freq
                0x1fff2a54        0x4 ./drivers/fsl_clock.o
                0x1fff2a54                g_xtal0Freq
 .bss.g_xtal32Freq
                0x1fff2a58        0x4 ./drivers/fsl_clock.o
                0x1fff2a58                g_xtal32Freq
 .bss.s_uartHandle
                0x1fff2a5c       0x18 ./drivers/fsl_uart.o
 .bss.s_uartIsr
                0x1fff2a74        0x4 ./drivers/fsl_uart.o
 .bss.__malloc_sbrk_start
                0x1fff2a78        0x4 /opt/Freescale/KDS_v3/toolchain/bin/../lib/gcc/arm-none-eabi/4.8.4/../../../../arm-none-eabi/lib/armv7e-m/fpu/libg_s.a(lib_a-nano-mallocr.o)
                0x1fff2a78                __malloc_sbrk_start
 .bss.__malloc_free_list
                0x1fff2a7c        0x4 /opt/Freescale/KDS_v3/toolchain/bin/../lib/gcc/arm-none-eabi/4.8.4/../../../../arm-none-eabi/lib/armv7e-m/fpu/libg_s.a(lib_a-nano-mallocr.o)
                0x1fff2a7c                __malloc_free_list
                0x1fff2c00                . = ALIGN (0x200)
 *fill*         0x1fff2a80      0x180 
                0x1fff2c00                USB_RAM_START = .
                0x1fff2c00                . = (. + USB_RAM_GAP)
 *(COMMON)
 COMMON         0x1fff2c00        0x4 /opt/Freescale/KDS_v3/toolchain/bin/../lib/gcc/arm-none-eabi/4.8.4/../../../../arm-none-eabi/lib/armv7e-m/fpu/libg_s.a(lib_a-reent.o)
                0x1fff2c00                errno
                0x1fff2c04                . = ALIGN (0x4)
                0x1fff2c04                __bss_end__ = .
                0x1fff2c04                __END_BSS = .

.heap           0x20000000      0x400
                0x20000000                . = ALIGN (0x8)
                0x20000000                __end__ = .
                0x20000000                PROVIDE (end, .)
                0x20000000                __HeapBase = .
                0x20000400                . = (. + HEAP_SIZE)
 *fill*         0x20000000      0x400 
                0x20000400                __HeapLimit = .
                0x20000400                __heap_limit = .

.stack          0x20000400      0x400
                0x20000400                . = ALIGN (0x8)
                0x20000800                . = (. + STACK_SIZE)
 *fill*         0x20000400      0x400 

m_usb_bdt       0x1fff2c00        0x0
 *(m_usb_bdt)
                0x1fff2c00                USB_RAM_BDT_END = .

m_usb_global
 *(m_usb_global)
                0x20030000                __StackTop = (ORIGIN (m_data_2) + 0x30000)
                0x2002fc00                __StackLimit = (__StackTop - STACK_SIZE)
                0x20030000                PROVIDE (__stack, __StackTop)

.ARM.attributes
                0x00000000       0x30
 *(.ARM.attributes)
 .ARM.attributes
                0x00000000       0x22 /opt/Freescale/KDS_v3/toolchain/bin/../lib/gcc/arm-none-eabi/4.8.4/armv7e-m/fpu/crti.o
 .ARM.attributes
                0x00000022       0x34 /opt/Freescale/KDS_v3/toolchain/bin/../lib/gcc/arm-none-eabi/4.8.4/armv7e-m/fpu/crtbegin.o
 .ARM.attributes
                0x00000056       0x20 /opt/Freescale/KDS_v3/toolchain/bin/../lib/gcc/arm-none-eabi/4.8.4/../../../../arm-none-eabi/lib/armv7e-m/fpu/crt0.o
 .ARM.attributes
                0x00000076       0x39 ./utilities/fsl_debug_console.o
 .ARM.attributes
                0x000000af       0x39 ./utilities/fsl_sbrk.o
 .ARM.attributes
                0x000000e8       0x39 ./sources/board.o
 .ARM.attributes
                0x00000121       0x39 ./sources/clock_config.o
 .ARM.attributes
                0x0000015a       0x39 ./sources/freertos_queue.o
 .ARM.attributes
                0x00000193       0x39 ./sources/pin_mux.o
 .ARM.attributes
                0x000001cc       0x39 ./freertos/Source/portable/MemMang/heap_4.o
 .ARM.attributes
                0x00000205       0x39 ./freertos/Source/portable/GCC/ARM_CM4F/fsl_tickless_systick.o
 .ARM.attributes
                0x0000023e       0x39 ./freertos/Source/portable/GCC/ARM_CM4F/port.o
 .ARM.attributes
                0x00000277       0x39 ./freertos/Source/list.o
 .ARM.attributes
                0x000002b0       0x39 ./freertos/Source/queue.o
 .ARM.attributes
                0x000002e9       0x39 ./freertos/Source/tasks.o
 .ARM.attributes
                0x00000322       0x39 ./freertos/Source/timers.o
 .ARM.attributes
                0x0000035b       0x39 ./drivers/fsl_clock.o
 .ARM.attributes
                0x00000394       0x39 ./drivers/fsl_common.o
 .ARM.attributes
                0x000003cd       0x39 ./drivers/fsl_gpio.o
 .ARM.attributes
                0x00000406       0x39 ./drivers/fsl_uart.o
 .ARM.attributes
                0x0000043f       0x1f ./devices/gcc/startup_MK64F12.o
 .ARM.attributes
                0x0000045e       0x39 ./devices/system_MK64F12.o
 .ARM.attributes
                0x00000497       0x34 /opt/Freescale/KDS_v3/toolchain/bin/../lib/gcc/arm-none-eabi/4.8.4/../../../../arm-none-eabi/lib/armv7e-m/fpu/libg_s.a(lib_a-errno.o)
 .ARM.attributes
                0x000004cb       0x34 /opt/Freescale/KDS_v3/toolchain/bin/../lib/gcc/arm-none-eabi/4.8.4/../../../../arm-none-eabi/lib/armv7e-m/fpu/libg_s.a(lib_a-exit.o)
 .ARM.attributes
                0x000004ff       0x34 /opt/Freescale/KDS_v3/toolchain/bin/../lib/gcc/arm-none-eabi/4.8.4/../../../../arm-none-eabi/lib/armv7e-m/fpu/libg_s.a(lib_a-impure.o)
 .ARM.attributes
                0x00000533       0x34 /opt/Freescale/KDS_v3/toolchain/bin/../lib/gcc/arm-none-eabi/4.8.4/../../../../arm-none-eabi/lib/armv7e-m/fpu/libg_s.a(lib_a-init.o)
 .ARM.attributes
                0x00000567       0x34 /opt/Freescale/KDS_v3/toolchain/bin/../lib/gcc/arm-none-eabi/4.8.4/../../../../arm-none-eabi/lib/armv7e-m/fpu/libg_s.a(lib_a-memcpy-stub.o)
 .ARM.attributes
                0x0000059b       0x34 /opt/Freescale/KDS_v3/toolchain/bin/../lib/gcc/arm-none-eabi/4.8.4/../../../../arm-none-eabi/lib/armv7e-m/fpu/libg_s.a(lib_a-memset.o)
 .ARM.attributes
                0x000005cf       0x34 /opt/Freescale/KDS_v3/toolchain/bin/../lib/gcc/arm-none-eabi/4.8.4/../../../../arm-none-eabi/lib/armv7e-m/fpu/libg_s.a(lib_a-sprintf.o)
 .ARM.attributes
                0x00000603       0x34 /opt/Freescale/KDS_v3/toolchain/bin/../lib/gcc/arm-none-eabi/4.8.4/../../../../arm-none-eabi/lib/armv7e-m/fpu/libg_s.a(lib_a-strlen.o)
 .ARM.attributes
                0x00000637       0x34 /opt/Freescale/KDS_v3/toolchain/bin/../lib/gcc/arm-none-eabi/4.8.4/../../../../arm-none-eabi/lib/armv7e-m/fpu/libg_s.a(lib_a-svfprintf.o)
 .ARM.attributes
                0x0000066b       0x34 /opt/Freescale/KDS_v3/toolchain/bin/../lib/gcc/arm-none-eabi/4.8.4/../../../../arm-none-eabi/lib/armv7e-m/fpu/libg_s.a(lib_a-vfprintf_i.o)
 .ARM.attributes
                0x0000069f       0x34 /opt/Freescale/KDS_v3/toolchain/bin/../lib/gcc/arm-none-eabi/4.8.4/../../../../arm-none-eabi/lib/armv7e-m/fpu/libg_s.a(lib_a-memchr-stub.o)
 .ARM.attributes
                0x000006d3       0x34 /opt/Freescale/KDS_v3/toolchain/bin/../lib/gcc/arm-none-eabi/4.8.4/../../../../arm-none-eabi/lib/armv7e-m/fpu/libg_s.a(lib_a-memmove.o)
 .ARM.attributes
                0x00000707       0x34 /opt/Freescale/KDS_v3/toolchain/bin/../lib/gcc/arm-none-eabi/4.8.4/../../../../arm-none-eabi/lib/armv7e-m/fpu/libg_s.a(lib_a-nano-freer.o)
 .ARM.attributes
                0x0000073b       0x34 /opt/Freescale/KDS_v3/toolchain/bin/../lib/gcc/arm-none-eabi/4.8.4/../../../../arm-none-eabi/lib/armv7e-m/fpu/libg_s.a(lib_a-nano-mallocr.o)
 .ARM.attributes
                0x0000076f       0x34 /opt/Freescale/KDS_v3/toolchain/bin/../lib/gcc/arm-none-eabi/4.8.4/../../../../arm-none-eabi/lib/armv7e-m/fpu/libg_s.a(lib_a-nano-reallocr.o)
 .ARM.attributes
                0x000007a3       0x34 /opt/Freescale/KDS_v3/toolchain/bin/../lib/gcc/arm-none-eabi/4.8.4/../../../../arm-none-eabi/lib/armv7e-m/fpu/libg_s.a(lib_a-sbrkr.o)
 .ARM.attributes
                0x000007d7       0x34 /opt/Freescale/KDS_v3/toolchain/bin/../lib/gcc/arm-none-eabi/4.8.4/../../../../arm-none-eabi/lib/armv7e-m/fpu/libg_s.a(lib_a-nano-msizer.o)
 .ARM.attributes
                0x0000080b       0x34 /opt/Freescale/KDS_v3/toolchain/bin/../lib/gcc/arm-none-eabi/4.8.4/../../../../arm-none-eabi/lib/armv7e-m/fpu/libg_s.a(lib_a-reent.o)
 .ARM.attributes
                0x0000083f       0x34 /opt/Freescale/KDS_v3/toolchain/bin/../lib/gcc/arm-none-eabi/4.8.4/../../../../arm-none-eabi/lib/armv7e-m/fpu/libnosys.a(_exit.o)
 .ARM.attributes
                0x00000873       0x34 /opt/Freescale/KDS_v3/toolchain/bin/../lib/gcc/arm-none-eabi/4.8.4/armv7e-m/fpu/crtend.o
 .ARM.attributes
                0x000008a7       0x22 /opt/Freescale/KDS_v3/toolchain/bin/../lib/gcc/arm-none-eabi/4.8.4/armv7e-m/fpu/crtn.o
                0x00000001                ASSERT ((__StackLimit >= __HeapLimit), region m_data_2 overflowed with stack and heap)
OUTPUT(queue.elf elf32-littlearm)

.debug_info     0x00000000     0xc207
 .debug_info    0x00000000      0xd01 ./utilities/fsl_debug_console.o
 .debug_info    0x00000d01      0x10e ./utilities/fsl_sbrk.o
 .debug_info    0x00000e0f      0x2c6 ./sources/board.o
 .debug_info    0x000010d5      0x61d ./sources/clock_config.o
 .debug_info    0x000016f2      0x89c ./sources/freertos_queue.o
 .debug_info    0x00001f8e      0xf36 ./sources/pin_mux.o
 .debug_info    0x00002ec4      0x3b5 ./freertos/Source/portable/MemMang/heap_4.o
 .debug_info    0x00003279       0xad ./freertos/Source/portable/GCC/ARM_CM4F/fsl_tickless_systick.o
 .debug_info    0x00003326      0x4bf ./freertos/Source/portable/GCC/ARM_CM4F/port.o
 .debug_info    0x000037e5      0x292 ./freertos/Source/list.o
 .debug_info    0x00003a77     0x13de ./freertos/Source/queue.o
 .debug_info    0x00004e55     0x1e50 ./freertos/Source/tasks.o
 .debug_info    0x00006ca5      0xb49 ./freertos/Source/timers.o
 .debug_info    0x000077ee     0x1e93 ./drivers/fsl_clock.o
 .debug_info    0x00009681      0x5e6 ./drivers/fsl_common.o
 .debug_info    0x00009c67      0x54f ./drivers/fsl_gpio.o
 .debug_info    0x0000a1b6     0x1a09 ./drivers/fsl_uart.o
 .debug_info    0x0000bbbf       0x72 ./devices/gcc/startup_MK64F12.o
 .debug_info    0x0000bc31      0x5d6 ./devices/system_MK64F12.o

.debug_abbrev   0x00000000     0x1eb0
 .debug_abbrev  0x00000000      0x289 ./utilities/fsl_debug_console.o
 .debug_abbrev  0x00000289       0xa0 ./utilities/fsl_sbrk.o
 .debug_abbrev  0x00000329       0xfd ./sources/board.o
 .debug_abbrev  0x00000426      0x186 ./sources/clock_config.o
 .debug_abbrev  0x000005ac      0x1d3 ./sources/freertos_queue.o
 .debug_abbrev  0x0000077f      0x1e1 ./sources/pin_mux.o
 .debug_abbrev  0x00000960      0x1b9 ./freertos/Source/portable/MemMang/heap_4.o
 .debug_abbrev  0x00000b19       0x60 ./freertos/Source/portable/GCC/ARM_CM4F/fsl_tickless_systick.o
 .debug_abbrev  0x00000b79      0x209 ./freertos/Source/portable/GCC/ARM_CM4F/port.o
 .debug_abbrev  0x00000d82       0xbe ./freertos/Source/list.o
 .debug_abbrev  0x00000e40      0x224 ./freertos/Source/queue.o
 .debug_abbrev  0x00001064      0x2b8 ./freertos/Source/tasks.o
 .debug_abbrev  0x0000131c      0x1d6 ./freertos/Source/timers.o
 .debug_abbrev  0x000014f2      0x2c6 ./drivers/fsl_clock.o
 .debug_abbrev  0x000017b8      0x165 ./drivers/fsl_common.o
 .debug_abbrev  0x0000191d      0x192 ./drivers/fsl_gpio.o
 .debug_abbrev  0x00001aaf      0x2d6 ./drivers/fsl_uart.o
 .debug_abbrev  0x00001d85       0x14 ./devices/gcc/startup_MK64F12.o
 .debug_abbrev  0x00001d99      0x117 ./devices/system_MK64F12.o

.debug_aranges  0x00000000      0xaa8
 .debug_aranges
                0x00000000       0x90 ./utilities/fsl_debug_console.o
 .debug_aranges
                0x00000090       0x20 ./utilities/fsl_sbrk.o
 .debug_aranges
                0x000000b0       0x20 ./sources/board.o
 .debug_aranges
                0x000000d0       0x50 ./sources/clock_config.o
 .debug_aranges
                0x00000120       0x50 ./sources/freertos_queue.o
 .debug_aranges
                0x00000170       0x50 ./sources/pin_mux.o
 .debug_aranges
                0x000001c0       0x50 ./freertos/Source/portable/MemMang/heap_4.o
 .debug_aranges
                0x00000210       0x20 ./freertos/Source/portable/GCC/ARM_CM4F/fsl_tickless_systick.o
 .debug_aranges
                0x00000230       0x78 ./freertos/Source/portable/GCC/ARM_CM4F/port.o
 .debug_aranges
                0x000002a8       0x40 ./freertos/Source/list.o
 .debug_aranges
                0x000002e8      0x118 ./freertos/Source/queue.o
 .debug_aranges
                0x00000400      0x1e8 ./freertos/Source/tasks.o
 .debug_aranges
                0x000005e8       0xb8 ./freertos/Source/timers.o
 .debug_aranges
                0x000006a0      0x1e8 ./drivers/fsl_clock.o
 .debug_aranges
                0x00000888       0x28 ./drivers/fsl_common.o
 .debug_aranges
                0x000008b0       0x40 ./drivers/fsl_gpio.o
 .debug_aranges
                0x000008f0      0x170 ./drivers/fsl_uart.o
 .debug_aranges
                0x00000a60       0x20 ./devices/gcc/startup_MK64F12.o
 .debug_aranges
                0x00000a80       0x28 ./devices/system_MK64F12.o

.debug_ranges   0x00000000      0x968
 .debug_ranges  0x00000000       0x80 ./utilities/fsl_debug_console.o
 .debug_ranges  0x00000080       0x10 ./utilities/fsl_sbrk.o
 .debug_ranges  0x00000090       0x10 ./sources/board.o
 .debug_ranges  0x000000a0       0x40 ./sources/clock_config.o
 .debug_ranges  0x000000e0       0x40 ./sources/freertos_queue.o
 .debug_ranges  0x00000120       0x40 ./sources/pin_mux.o
 .debug_ranges  0x00000160       0x40 ./freertos/Source/portable/MemMang/heap_4.o
 .debug_ranges  0x000001a0       0x10 ./freertos/Source/portable/GCC/ARM_CM4F/fsl_tickless_systick.o
 .debug_ranges  0x000001b0       0x68 ./freertos/Source/portable/GCC/ARM_CM4F/port.o
 .debug_ranges  0x00000218       0x30 ./freertos/Source/list.o
 .debug_ranges  0x00000248      0x108 ./freertos/Source/queue.o
 .debug_ranges  0x00000350      0x1d8 ./freertos/Source/tasks.o
 .debug_ranges  0x00000528       0xa8 ./freertos/Source/timers.o
 .debug_ranges  0x000005d0      0x1d8 ./drivers/fsl_clock.o
 .debug_ranges  0x000007a8       0x18 ./drivers/fsl_common.o
 .debug_ranges  0x000007c0       0x30 ./drivers/fsl_gpio.o
 .debug_ranges  0x000007f0      0x160 ./drivers/fsl_uart.o
 .debug_ranges  0x00000950       0x18 ./devices/system_MK64F12.o

.debug_line     0x00000000     0x4486
 .debug_line    0x00000000      0x535 ./utilities/fsl_debug_console.o
 .debug_line    0x00000535       0x95 ./utilities/fsl_sbrk.o
 .debug_line    0x000005ca       0xea ./sources/board.o
 .debug_line    0x000006b4      0x18d ./sources/clock_config.o
 .debug_line    0x00000841      0x20c ./sources/freertos_queue.o
 .debug_line    0x00000a4d      0x19a ./sources/pin_mux.o
 .debug_line    0x00000be7      0x23e ./freertos/Source/portable/MemMang/heap_4.o
 .debug_line    0x00000e25       0xd9 ./freertos/Source/portable/GCC/ARM_CM4F/fsl_tickless_systick.o
 .debug_line    0x00000efe      0x2bd ./freertos/Source/portable/GCC/ARM_CM4F/port.o
 .debug_line    0x000011bb      0x171 ./freertos/Source/list.o
 .debug_line    0x0000132c      0x904 ./freertos/Source/queue.o
 .debug_line    0x00001c30      0xd96 ./freertos/Source/tasks.o
 .debug_line    0x000029c6      0x468 ./freertos/Source/timers.o
 .debug_line    0x00002e2e      0x8d8 ./drivers/fsl_clock.o
 .debug_line    0x00003706      0x175 ./drivers/fsl_common.o
 .debug_line    0x0000387b      0x173 ./drivers/fsl_gpio.o
 .debug_line    0x000039ee      0x7e4 ./drivers/fsl_uart.o
 .debug_line    0x000041d2      0x181 ./devices/gcc/startup_MK64F12.o
 .debug_line    0x00004353      0x133 ./devices/system_MK64F12.o

.debug_str      0x00000000     0x57b8
 .debug_str     0x00000000      0xb7d ./utilities/fsl_debug_console.o
                                0xc1a (size before relaxing)
 .debug_str     0x00000b7d       0x50 ./utilities/fsl_sbrk.o
                                0x21e (size before relaxing)
 .debug_str     0x00000bcd       0x39 ./sources/board.o
                                0x2d3 (size before relaxing)
 .debug_str     0x00000c06      0x4f8 ./sources/clock_config.o
                                0x72d (size before relaxing)
 .debug_str     0x000010fe      0x716 ./sources/freertos_queue.o
                                0xcef (size before relaxing)
 .debug_str     0x00001814      0x791 ./sources/pin_mux.o
                               0x1381 (size before relaxing)
 .debug_str     0x00001fa5      0x20a ./freertos/Source/portable/MemMang/heap_4.o
                                0x3e7 (size before relaxing)
 .debug_str     0x000021af       0x59 ./freertos/Source/portable/GCC/ARM_CM4F/fsl_tickless_systick.o
                                0x242 (size before relaxing)
 .debug_str     0x00002208      0x20b ./freertos/Source/portable/GCC/ARM_CM4F/port.o
                                0x437 (size before relaxing)
 .debug_str     0x00002413      0x12c ./freertos/Source/list.o
                                0x327 (size before relaxing)
 .debug_str     0x0000253f      0x583 ./freertos/Source/queue.o
                                0x8a7 (size before relaxing)
 .debug_str     0x00002ac2      0xbfc ./freertos/Source/tasks.o
                               0x102e (size before relaxing)
 .debug_str     0x000036be      0x42a ./freertos/Source/timers.o
                                0x769 (size before relaxing)
 .debug_str     0x00003ae8      0xf3e ./drivers/fsl_clock.o
                               0x1b29 (size before relaxing)
 .debug_str     0x00004a26       0xc5 ./drivers/fsl_common.o
                                0x814 (size before relaxing)
 .debug_str     0x00004aeb       0xb1 ./drivers/fsl_gpio.o
                                0x750 (size before relaxing)
 .debug_str     0x00004b9c      0xb6d ./drivers/fsl_uart.o
                               0x1bdc (size before relaxing)
 .debug_str     0x00005709       0xaf ./devices/system_MK64F12.o
                                0x3de (size before relaxing)

.comment        0x00000000       0x70
 .comment       0x00000000       0x70 ./utilities/fsl_debug_console.o
                                 0x71 (size before relaxing)
 .comment       0x00000000       0x71 ./utilities/fsl_sbrk.o
 .comment       0x00000000       0x71 ./sources/board.o
 .comment       0x00000000       0x71 ./sources/clock_config.o
 .comment       0x00000000       0x71 ./sources/freertos_queue.o
 .comment       0x00000000       0x71 ./sources/pin_mux.o
 .comment       0x00000000       0x71 ./freertos/Source/portable/MemMang/heap_4.o
 .comment       0x00000000       0x71 ./freertos/Source/portable/GCC/ARM_CM4F/fsl_tickless_systick.o
 .comment       0x00000000       0x71 ./freertos/Source/portable/GCC/ARM_CM4F/port.o
 .comment       0x00000000       0x71 ./freertos/Source/list.o
 .comment       0x00000000       0x71 ./freertos/Source/queue.o
 .comment       0x00000000       0x71 ./freertos/Source/tasks.o
 .comment       0x00000000       0x71 ./freertos/Source/timers.o
 .comment       0x00000000       0x71 ./drivers/fsl_clock.o
 .comment       0x00000000       0x71 ./drivers/fsl_common.o
 .comment       0x00000000       0x71 ./drivers/fsl_gpio.o
 .comment       0x00000000       0x71 ./drivers/fsl_uart.o
 .comment       0x00000000       0x71 ./devices/system_MK64F12.o

.debug_frame    0x00000000     0x25b8
 .debug_frame   0x00000000      0x1ec ./utilities/fsl_debug_console.o
 .debug_frame   0x000001ec       0x30 ./utilities/fsl_sbrk.o
 .debug_frame   0x0000021c       0x30 ./sources/board.o
 .debug_frame   0x0000024c       0xdc ./sources/clock_config.o
 .debug_frame   0x00000328       0xe0 ./sources/freertos_queue.o
 .debug_frame   0x00000408       0xd8 ./sources/pin_mux.o
 .debug_frame   0x000004e0       0xd0 ./freertos/Source/portable/MemMang/heap_4.o
 .debug_frame   0x000005b0       0x28 ./freertos/Source/portable/GCC/ARM_CM4F/fsl_tickless_systick.o
 .debug_frame   0x000005d8      0x138 ./freertos/Source/portable/GCC/ARM_CM4F/port.o
 .debug_frame   0x00000710       0x9c ./freertos/Source/list.o
 .debug_frame   0x000007ac      0x3ec ./freertos/Source/queue.o
 .debug_frame   0x00000b98      0x6f8 ./freertos/Source/tasks.o
 .debug_frame   0x00001290      0x278 ./freertos/Source/timers.o
 .debug_frame   0x00001508      0x6ac ./drivers/fsl_clock.o
 .debug_frame   0x00001bb4       0x4c ./drivers/fsl_common.o
 .debug_frame   0x00001c00       0xac ./drivers/fsl_gpio.o
 .debug_frame   0x00001cac      0x51c ./drivers/fsl_uart.o
 .debug_frame   0x000021c8       0x44 ./devices/system_MK64F12.o
 .debug_frame   0x0000220c       0x20 /opt/Freescale/KDS_v3/toolchain/bin/../lib/gcc/arm-none-eabi/4.8.4/../../../../arm-none-eabi/lib/armv7e-m/fpu/libg_s.a(lib_a-errno.o)
 .debug_frame   0x0000222c       0x28 /opt/Freescale/KDS_v3/toolchain/bin/../lib/gcc/arm-none-eabi/4.8.4/../../../../arm-none-eabi/lib/armv7e-m/fpu/libg_s.a(lib_a-exit.o)
 .debug_frame   0x00002254       0x2c /opt/Freescale/KDS_v3/toolchain/bin/../lib/gcc/arm-none-eabi/4.8.4/../../../../arm-none-eabi/lib/armv7e-m/fpu/libg_s.a(lib_a-init.o)
 .debug_frame   0x00002280       0x28 /opt/Freescale/KDS_v3/toolchain/bin/../lib/gcc/arm-none-eabi/4.8.4/../../../../arm-none-eabi/lib/armv7e-m/fpu/libg_s.a(lib_a-memcpy-stub.o)
 .debug_frame   0x000022a8       0x20 /opt/Freescale/KDS_v3/toolchain/bin/../lib/gcc/arm-none-eabi/4.8.4/../../../../arm-none-eabi/lib/armv7e-m/fpu/libg_s.a(lib_a-memset.o)
 .debug_frame   0x000022c8       0x58 /opt/Freescale/KDS_v3/toolchain/bin/../lib/gcc/arm-none-eabi/4.8.4/../../../../arm-none-eabi/lib/armv7e-m/fpu/libg_s.a(lib_a-sprintf.o)
 .debug_frame   0x00002320       0x20 /opt/Freescale/KDS_v3/toolchain/bin/../lib/gcc/arm-none-eabi/4.8.4/../../../../arm-none-eabi/lib/armv7e-m/fpu/libg_s.a(lib_a-strlen.o)
 .debug_frame   0x00002340       0x88 /opt/Freescale/KDS_v3/toolchain/bin/../lib/gcc/arm-none-eabi/4.8.4/../../../../arm-none-eabi/lib/armv7e-m/fpu/libg_s.a(lib_a-svfprintf.o)
 .debug_frame   0x000023c8       0x60 /opt/Freescale/KDS_v3/toolchain/bin/../lib/gcc/arm-none-eabi/4.8.4/../../../../arm-none-eabi/lib/armv7e-m/fpu/libg_s.a(lib_a-vfprintf_i.o)
 .debug_frame   0x00002428       0x28 /opt/Freescale/KDS_v3/toolchain/bin/../lib/gcc/arm-none-eabi/4.8.4/../../../../arm-none-eabi/lib/armv7e-m/fpu/libg_s.a(lib_a-memchr-stub.o)
 .debug_frame   0x00002450       0x2c /opt/Freescale/KDS_v3/toolchain/bin/../lib/gcc/arm-none-eabi/4.8.4/../../../../arm-none-eabi/lib/armv7e-m/fpu/libg_s.a(lib_a-memmove.o)
 .debug_frame   0x0000247c       0x2c /opt/Freescale/KDS_v3/toolchain/bin/../lib/gcc/arm-none-eabi/4.8.4/../../../../arm-none-eabi/lib/armv7e-m/fpu/libg_s.a(lib_a-nano-freer.o)
 .debug_frame   0x000024a8       0x2c /opt/Freescale/KDS_v3/toolchain/bin/../lib/gcc/arm-none-eabi/4.8.4/../../../../arm-none-eabi/lib/armv7e-m/fpu/libg_s.a(lib_a-nano-mallocr.o)
 .debug_frame   0x000024d4       0x30 /opt/Freescale/KDS_v3/toolchain/bin/../lib/gcc/arm-none-eabi/4.8.4/../../../../arm-none-eabi/lib/armv7e-m/fpu/libg_s.a(lib_a-nano-reallocr.o)
 .debug_frame   0x00002504       0x2c /opt/Freescale/KDS_v3/toolchain/bin/../lib/gcc/arm-none-eabi/4.8.4/../../../../arm-none-eabi/lib/armv7e-m/fpu/libg_s.a(lib_a-sbrkr.o)
 .debug_frame   0x00002530       0x20 /opt/Freescale/KDS_v3/toolchain/bin/../lib/gcc/arm-none-eabi/4.8.4/../../../../arm-none-eabi/lib/armv7e-m/fpu/libg_s.a(lib_a-nano-msizer.o)
 .debug_frame   0x00002550       0x48 /opt/Freescale/KDS_v3/toolchain/bin/../lib/gcc/arm-none-eabi/4.8.4/../../../../arm-none-eabi/lib/armv7e-m/fpu/libg_s.a(lib_a-reent.o)
 .debug_frame   0x00002598       0x20 /opt/Freescale/KDS_v3/toolchain/bin/../lib/gcc/arm-none-eabi/4.8.4/../../../../arm-none-eabi/lib/armv7e-m/fpu/libnosys.a(_exit.o)
