Archive member included because of file (symbol)

/opt/Freescale/KDS_v3/toolchain/bin/../lib/gcc/arm-none-eabi/4.8.4/../../../../arm-none-eabi/lib/armv7e-m/fpu/libg_s.a(lib_a-errno.o)
                              ./utilities/fsl_sbrk.o (__errno)
/opt/Freescale/KDS_v3/toolchain/bin/../lib/gcc/arm-none-eabi/4.8.4/../../../../arm-none-eabi/lib/armv7e-m/fpu/libg_s.a(lib_a-exit.o)
                              /opt/Freescale/KDS_v3/toolchain/bin/../lib/gcc/arm-none-eabi/4.8.4/../../../../arm-none-eabi/lib/armv7e-m/fpu/crt0.o (exit)
/opt/Freescale/KDS_v3/toolchain/bin/../lib/gcc/arm-none-eabi/4.8.4/../../../../arm-none-eabi/lib/armv7e-m/fpu/libg_s.a(lib_a-impure.o)
                              /opt/Freescale/KDS_v3/toolchain/bin/../lib/gcc/arm-none-eabi/4.8.4/../../../../arm-none-eabi/lib/armv7e-m/fpu/libg_s.a(lib_a-exit.o) (_global_impure_ptr)
/opt/Freescale/KDS_v3/toolchain/bin/../lib/gcc/arm-none-eabi/4.8.4/../../../../arm-none-eabi/lib/armv7e-m/fpu/libg_s.a(lib_a-init.o)
                              /opt/Freescale/KDS_v3/toolchain/bin/../lib/gcc/arm-none-eabi/4.8.4/../../../../arm-none-eabi/lib/armv7e-m/fpu/crt0.o (__libc_init_array)
/opt/Freescale/KDS_v3/toolchain/bin/../lib/gcc/arm-none-eabi/4.8.4/../../../../arm-none-eabi/lib/armv7e-m/fpu/libg_s.a(lib_a-memcpy-stub.o)
                              ./freertos/Source/queue.o (memcpy)
/opt/Freescale/KDS_v3/toolchain/bin/../lib/gcc/arm-none-eabi/4.8.4/../../../../arm-none-eabi/lib/armv7e-m/fpu/libg_s.a(lib_a-memset.o)
                              /opt/Freescale/KDS_v3/toolchain/bin/../lib/gcc/arm-none-eabi/4.8.4/../../../../arm-none-eabi/lib/armv7e-m/fpu/crt0.o (memset)
/opt/Freescale/KDS_v3/toolchain/bin/../lib/gcc/arm-none-eabi/4.8.4/../../../../arm-none-eabi/lib/armv7e-m/fpu/libg_s.a(lib_a-sprintf.o)
                              ./sources/freertos_queue.o (sprintf)
/opt/Freescale/KDS_v3/toolchain/bin/../lib/gcc/arm-none-eabi/4.8.4/../../../../arm-none-eabi/lib/armv7e-m/fpu/libg_s.a(lib_a-strlen.o)
                              ./utilities/fsl_debug_console.o (strlen)
/opt/Freescale/KDS_v3/toolchain/bin/../lib/gcc/arm-none-eabi/4.8.4/../../../../arm-none-eabi/lib/armv7e-m/fpu/libg_s.a(lib_a-svfprintf.o)
                              /opt/Freescale/KDS_v3/toolchain/bin/../lib/gcc/arm-none-eabi/4.8.4/../../../../arm-none-eabi/lib/armv7e-m/fpu/libg_s.a(lib_a-sprintf.o) (_svfprintf_r)
/opt/Freescale/KDS_v3/toolchain/bin/../lib/gcc/arm-none-eabi/4.8.4/../../../../arm-none-eabi/lib/armv7e-m/fpu/libg_s.a(lib_a-vfprintf_i.o)
                              /opt/Freescale/KDS_v3/toolchain/bin/../lib/gcc/arm-none-eabi/4.8.4/../../../../arm-none-eabi/lib/armv7e-m/fpu/libg_s.a(lib_a-svfprintf.o) (_printf_i)
/opt/Freescale/KDS_v3/toolchain/bin/../lib/gcc/arm-none-eabi/4.8.4/../../../../arm-none-eabi/lib/armv7e-m/fpu/libg_s.a(lib_a-memchr-stub.o)
                              /opt/Freescale/KDS_v3/toolchain/bin/../lib/gcc/arm-none-eabi/4.8.4/../../../../arm-none-eabi/lib/armv7e-m/fpu/libg_s.a(lib_a-svfprintf.o) (memchr)
/opt/Freescale/KDS_v3/toolchain/bin/../lib/gcc/arm-none-eabi/4.8.4/../../../../arm-none-eabi/lib/armv7e-m/fpu/libg_s.a(lib_a-memmove.o)
                              /opt/Freescale/KDS_v3/toolchain/bin/../lib/gcc/arm-none-eabi/4.8.4/../../../../arm-none-eabi/lib/armv7e-m/fpu/libg_s.a(lib_a-svfprintf.o) (memmove)
/opt/Freescale/KDS_v3/toolchain/bin/../lib/gcc/arm-none-eabi/4.8.4/../../../../arm-none-eabi/lib/armv7e-m/fpu/libg_s.a(lib_a-nano-freer.o)
                              /opt/Freescale/KDS_v3/toolchain/bin/../lib/gcc/arm-none-eabi/4.8.4/../../../../arm-none-eabi/lib/armv7e-m/fpu/libg_s.a(lib_a-svfprintf.o) (_free_r)
/opt/Freescale/KDS_v3/toolchain/bin/../lib/gcc/arm-none-eabi/4.8.4/../../../../arm-none-eabi/lib/armv7e-m/fpu/libg_s.a(lib_a-nano-mallocr.o)
                              /opt/Freescale/KDS_v3/toolchain/bin/../lib/gcc/arm-none-eabi/4.8.4/../../../../arm-none-eabi/lib/armv7e-m/fpu/libg_s.a(lib_a-svfprintf.o) (_malloc_r)
/opt/Freescale/KDS_v3/toolchain/bin/../lib/gcc/arm-none-eabi/4.8.4/../../../../arm-none-eabi/lib/armv7e-m/fpu/libg_s.a(lib_a-nano-reallocr.o)
                              /opt/Freescale/KDS_v3/toolchain/bin/../lib/gcc/arm-none-eabi/4.8.4/../../../../arm-none-eabi/lib/armv7e-m/fpu/libg_s.a(lib_a-svfprintf.o) (_realloc_r)
/opt/Freescale/KDS_v3/toolchain/bin/../lib/gcc/arm-none-eabi/4.8.4/../../../../arm-none-eabi/lib/armv7e-m/fpu/libg_s.a(lib_a-sbrkr.o)
                              /opt/Freescale/KDS_v3/toolchain/bin/../lib/gcc/arm-none-eabi/4.8.4/../../../../arm-none-eabi/lib/armv7e-m/fpu/libg_s.a(lib_a-nano-mallocr.o) (_sbrk_r)
/opt/Freescale/KDS_v3/toolchain/bin/../lib/gcc/arm-none-eabi/4.8.4/../../../../arm-none-eabi/lib/armv7e-m/fpu/libg_s.a(lib_a-nano-msizer.o)
                              /opt/Freescale/KDS_v3/toolchain/bin/../lib/gcc/arm-none-eabi/4.8.4/../../../../arm-none-eabi/lib/armv7e-m/fpu/libg_s.a(lib_a-nano-reallocr.o) (_malloc_usable_size_r)
[...]
Memory Configuration

Name             Origin             Length             Attributes
m_interrupts     0x00000000         0x00000400         xr
m_flash_config   0x00000400         0x00000010         xr
m_text           0x00000410         0x000ffbf0         xr
m_data           0x1fff0000         0x00010000         rw
m_data_2         0x20000000         0x00030000         rw
*default*        0x00000000         0xffffffff

Linker script and memory map

LOAD /opt/Freescale/KDS_v3/toolchain/bin/../lib/gcc/arm-none-eabi/4.8.4/armv7e-m/fpu/crti.o
LOAD /opt/Freescale/KDS_v3/toolchain/bin/../lib/gcc/arm-none-eabi/4.8.4/armv7e-m/fpu/crtbegin.o
LOAD /opt/Freescale/KDS_v3/toolchain/bin/../lib/gcc/arm-none-eabi/4.8.4/../../../../arm-none-eabi/lib/armv7e-m/fpu/crt0.o
START GROUP
LOAD ./utilities/fsl_debug_console.o
LOAD ./utilities/fsl_sbrk.o
LOAD ./sources/board.o
LOAD ./sources/clock_config.o
LOAD ./sources/freertos_queue.o
LOAD ./sources/pin_mux.o
LOAD ./freertos/Source/portable/MemMang/heap_4.o
LOAD ./freertos/Source/portable/GCC/ARM_CM4F/fsl_tickless_systick.o
LOAD ./freertos/Source/portable/GCC/ARM_CM4F/port.o
LOAD ./freertos/Source/croutine.o
LOAD ./freertos/Source/event_groups.o
LOAD ./freertos/Source/list.o
LOAD ./freertos/Source/queue.o
LOAD ./freertos/Source/tasks.o
LOAD ./freertos/Source/timers.o
LOAD ./drivers/fsl_clock.o
LOAD ./drivers/fsl_common.o
LOAD ./drivers/fsl_flash.o
LOAD ./drivers/fsl_gpio.o
LOAD ./drivers/fsl_smc.o
LOAD ./drivers/fsl_uart.o
LOAD ./devices/gcc/startup_MK64F12.o
LOAD ./devices/system_MK64F12.o
LOAD /opt/Freescale/KDS_v3/toolchain/bin/../lib/gcc/arm-none-eabi/4.8.4/../../../../arm-none-eabi/lib/armv7e-m/fpu/libg_s.a
LOAD /opt/Freescale/KDS_v3/toolchain/bin/../lib/gcc/arm-none-eabi/4.8.4/armv7e-m/fpu/libgcc.a
LOAD /opt/Freescale/KDS_v3/toolchain/bin/../lib/gcc/arm-none-eabi/4.8.4/../../../../arm-none-eabi/lib/armv7e-m/fpu/libnosys.a
END GROUP
LOAD /opt/Freescale/KDS_v3/toolchain/bin/../lib/gcc/arm-none-eabi/4.8.4/../../../../arm-none-eabi/lib/armv7e-m/fpu/libstdc++_s.a
LOAD /opt/Freescale/KDS_v3/toolchain/bin/../lib/gcc/arm-none-eabi/4.8.4/../../../../arm-none-eabi/lib/armv7e-m/fpu/libm.a
START GROUP
LOAD /opt/Freescale/KDS_v3/toolchain/bin/../lib/gcc/arm-none-eabi/4.8.4/armv7e-m/fpu/libgcc.a
LOAD /opt/Freescale/KDS_v3/toolchain/bin/../lib/gcc/arm-none-eabi/4.8.4/../../../../arm-none-eabi/lib/armv7e-m/fpu/libg_s.a
LOAD /opt/Freescale/KDS_v3/toolchain/bin/../lib/gcc/arm-none-eabi/4.8.4/../../../../arm-none-eabi/lib/armv7e-m/fpu/libc_s.a
END GROUP
START GROUP
LOAD /opt/Freescale/KDS_v3/toolchain/bin/../lib/gcc/arm-none-eabi/4.8.4/armv7e-m/fpu/libgcc.a
LOAD /opt/Freescale/KDS_v3/toolchain/bin/../lib/gcc/arm-none-eabi/4.8.4/../../../../arm-none-eabi/lib/armv7e-m/fpu/libc_s.a
END GROUP
LOAD /opt/Freescale/KDS_v3/toolchain/bin/../lib/gcc/arm-none-eabi/4.8.4/armv7e-m/fpu/crtend.o
LOAD /opt/Freescale/KDS_v3/toolchain/bin/../lib/gcc/arm-none-eabi/4.8.4/armv7e-m/fpu/crtn.o
                0x00000400                HEAP_SIZE = DEFINED (__heap_size__)?__heap_size__:0x400
                0x00000400                STACK_SIZE = DEFINED (__stack_size__)?__stack_size__:0x400
                0x00000000                M_VECTOR_RAM_SIZE = DEFINED (__ram_vector_table__)?0x400:0x0

.interrupts     0x00000000      0x400
                0x00000000                __VECTOR_TABLE = .
                0x00000000                . = ALIGN (0x4)
 *(.isr_vector)
 .isr_vector    0x00000000      0x400 ./devices/gcc/startup_MK64F12.o
                0x00000000                __isr_vector
                0x00000400                . = ALIGN (0x4)

.flash_config   0x00000400       0x10
                0x00000400                . = ALIGN (0x4)
 *(.FlashConfig)
 .FlashConfig   0x00000400       0x10 ./devices/gcc/startup_MK64F12.o
                0x00000410                . = ALIGN (0x4)

.text           0x00000410     0x4f34
                0x00000410                . = ALIGN (0x4)
 *(.text)
 .text          0x00000410       0x54 /opt/Freescale/KDS_v3/toolchain/bin/../lib/gcc/arm-none-eabi/4.8.4/armv7e-m/fpu/crtbegin.o
 .text          0x00000464       0x74 /opt/Freescale/KDS_v3/toolchain/bin/../lib/gcc/arm-none-eabi/4.8.4/../../../../arm-none-eabi/lib/armv7e-m/fpu/crt0.o
                0x00000464                _mainCRTStartup
                0x00000464                _start
 .text          0x000004d8      0x1fc ./devices/gcc/startup_MK64F12.o
                0x000004d8                Reset_Handler
                0x00000534                DebugMon_Handler
                0x00000534                DMA0_DriverIRQHandler
                0x00000534                DMA12_DriverIRQHandler
                0x00000534                SPI1_DriverIRQHandler
                0x00000534                DMA_Error_DriverIRQHandler
                0x00000534                SDHC_DriverIRQHandler
                0x00000534                PIT0_IRQHandler
                0x00000534                CMP2_IRQHandler
                0x00000534                LLWU_IRQHandler
                0x00000534                I2S0_Tx_DriverIRQHandler
                0x00000534                DMA6_DriverIRQHandler
                0x00000534                ENET_1588_Timer_DriverIRQHandler
                0x00000534                I2C2_DriverIRQHandler
                0x00000534                SWI_IRQHandler
                0x00000534                ADC0_IRQHandler
                0x00000534                UsageFault_Handler
                0x00000534                CMT_IRQHandler
                0x00000534                DefaultISR
                0x00000534                UART5_ERR_DriverIRQHandler
                0x00000534                DMA11_DriverIRQHandler
                0x00000534                CMP1_IRQHandler
                0x00000534                Reserved71_IRQHandler
                0x00000534                PORTD_IRQHandler
                0x00000534                PORTB_IRQHandler
                0x00000534                DMA10_DriverIRQHandler
                0x00000534                UART2_ERR_DriverIRQHandler
                0x00000534                SPI2_DriverIRQHandler
                0x00000534                ADC1_IRQHandler
                0x00000534                DMA5_DriverIRQHandler
                0x00000534                DMA4_DriverIRQHandler
                0x00000534                PIT2_IRQHandler
                0x00000534                RTC_IRQHandler
                0x00000534                UART3_ERR_DriverIRQHandler
                0x00000534                PDB0_IRQHandler
                0x00000534                FTM1_IRQHandler
                0x00000534                DMA3_DriverIRQHandler
                0x00000534                PIT3_IRQHandler
                0x00000534                RTC_Seconds_IRQHandler
                0x00000534                MCG_IRQHandler
                0x00000534                FTFE_IRQHandler
                0x00000534                DMA9_DriverIRQHandler
                0x00000534                DMA8_DriverIRQHandler
                0x00000534                UART0_ERR_DriverIRQHandler
                0x00000534                Read_Collision_IRQHandler
                0x00000534                DMA14_DriverIRQHandler
                0x00000534                USBDCD_IRQHandler
                0x00000534                I2S0_Rx_DriverIRQHandler
                0x00000534                USB0_IRQHandler
                0x00000534                UART4_ERR_DriverIRQHandler
                0x00000534                WDOG_EWM_IRQHandler
                0x00000534                MemManage_Handler
                0x00000534                UART0_LON_DriverIRQHandler
                0x00000534                DMA1_DriverIRQHandler
                0x00000534                RNG_IRQHandler
                0x00000534                I2C1_DriverIRQHandler
                0x00000534                ENET_Receive_DriverIRQHandler
                0x00000534                DAC0_IRQHandler
                0x00000534                DMA13_DriverIRQHandler
                0x00000534                ENET_Error_DriverIRQHandler
                0x00000534                DMA15_DriverIRQHandler
                0x00000534                SPI0_DriverIRQHandler
                0x00000534                PIT1_IRQHandler
                0x00000534                LVD_LVW_IRQHandler
                0x00000534                FTM0_IRQHandler
                0x00000534                PORTA_IRQHandler
                0x00000534                DAC1_IRQHandler
                0x00000534                MCM_IRQHandler
                0x00000534                CAN0_DriverIRQHandler
                0x00000534                FTM3_IRQHandler
                0x00000534                PORTE_IRQHandler
                0x00000534                FTM2_IRQHandler
                0x00000534                LPTMR0_IRQHandler
                0x00000534                BusFault_Handler
                0x00000534                UART1_ERR_DriverIRQHandler
                0x00000534                DMA2_DriverIRQHandler
                0x00000534                ENET_Transmit_DriverIRQHandler
                0x00000534                I2C0_DriverIRQHandler
                0x00000534                DMA7_DriverIRQHandler
                0x00000534                CMP0_IRQHandler
                0x00000534                PORTC_IRQHandler
                0x00000538                NMI_Handler
                0x0000053c                HardFault_Handler
                0x0000054c                DMA0_IRQHandler
                0x00000550                DMA1_IRQHandler
                0x00000554                DMA2_IRQHandler
                0x00000558                DMA3_IRQHandler
                0x0000055c                DMA4_IRQHandler
                0x00000560                DMA5_IRQHandler
                0x00000564                DMA6_IRQHandler
                0x00000568                DMA7_IRQHandler
                0x0000056c                DMA8_IRQHandler
                0x00000570                DMA9_IRQHandler
                0x00000574                DMA10_IRQHandler
                0x00000578                DMA11_IRQHandler
                0x0000057c                DMA12_IRQHandler
                0x00000580                DMA13_IRQHandler
                0x00000584                DMA14_IRQHandler
                0x00000588                DMA15_IRQHandler
                0x0000058c                DMA_Error_IRQHandler
                0x00000590                I2C0_IRQHandler
                0x00000594                I2C1_IRQHandler
                0x00000598                SPI0_IRQHandler
                0x0000059c                SPI1_IRQHandler
                0x000005a0                I2S0_Tx_IRQHandler
                0x000005a4                I2S0_Rx_IRQHandler
                0x000005a8                UART0_LON_IRQHandler
                0x000005ac                UART0_RX_TX_IRQHandler
                0x000005b0                UART0_ERR_IRQHandler
                0x000005b4                UART1_RX_TX_IRQHandler
                0x000005b8                UART1_ERR_IRQHandler
                0x000005bc                UART2_RX_TX_IRQHandler
                0x000005c0                UART2_ERR_IRQHandler
                0x000005c4                UART3_RX_TX_IRQHandler
                0x000005c8                UART3_ERR_IRQHandler
                0x000005cc                SPI2_IRQHandler
                0x000005d0                UART4_RX_TX_IRQHandler
                0x000005d4                UART4_ERR_IRQHandler
                0x000005d8                UART5_RX_TX_IRQHandler
                0x000005dc                UART5_ERR_IRQHandler
                0x000005e0                I2C2_IRQHandler
                0x000005e4                CAN0_ORed_Message_buffer_IRQHandler
                0x000005e8                CAN0_Bus_Off_IRQHandler
                0x000005ec                CAN0_Error_IRQHandler
                0x000005f0                CAN0_Tx_Warning_IRQHandler
                0x000005f4                CAN0_Rx_Warning_IRQHandler
                0x000005f8                CAN0_Wake_Up_IRQHandler
                0x000005fc                SDHC_IRQHandler
                0x00000600                ENET_1588_Timer_IRQHandler
                0x00000604                ENET_Transmit_IRQHandler
                0x00000608                ENET_Receive_IRQHandler
                0x0000060c                ENET_Error_IRQHandler
 *(.text*)
 .text.UART_EnableTx
                0x000006d4       0x40 ./utilities/fsl_debug_console.o
 .text.UART_EnableRx
                0x00000714       0x40 ./utilities/fsl_debug_console.o
 .text.DbgConsole_Init
                0x00000754       0x90 ./utilities/fsl_debug_console.o
                0x00000754                DbgConsole_Init
 .text.DbgConsole_Printf
                0x000007e4       0x40 ./utilities/fsl_debug_console.o
                0x000007e4                DbgConsole_Printf
 .text.DbgConsole_Putchar
                0x00000824       0x38 ./utilities/fsl_debug_console.o
                0x00000824                DbgConsole_Putchar
 .text.DbgConsole_PrintfPaddingCharacter
                0x0000085c       0x40 ./utilities/fsl_debug_console.o
 .text.DbgConsole_ConvertRadixNumToString
                0x0000089c      0x118 ./utilities/fsl_debug_console.o
 .text.DbgConsole_PrintfFormattedData
                0x000009b4      0x36c ./utilities/fsl_debug_console.o
 .text._sbrk    0x00000d20       0x5c ./utilities/fsl_sbrk.o
                0x00000d20                _sbrk
 .text.BOARD_InitDebugConsole
                0x00000d7c       0x24 ./sources/board.o
                0x00000d7c                BOARD_InitDebugConsole
 .text.CLOCK_SetSimSafeDivs
                0x00000da0       0x20 ./sources/clock_config.o
 .text.CLOCK_SetXtal0Freq
                0x00000dc0       0x1c ./sources/clock_config.o
 .text.BOARD_BootClockRUN
                0x00000ddc       0x64 ./sources/clock_config.o
                0x00000ddc                BOARD_BootClockRUN
 .text.BOARD_InitOsc0
                0x00000e40       0x30 ./sources/clock_config.o
                0x00000e40                BOARD_InitOsc0
 .text.main     0x00000e70       0x5c ./sources/freertos_queue.o
                0x00000e70                main
 .text.write_task_1
                0x00000ecc       0x5c ./sources/freertos_queue.o
 .text.write_task_2
                0x00000f28       0x5c ./sources/freertos_queue.o
 .text.log_add  0x00000f84       0x24 ./sources/freertos_queue.o
                0x00000f84                log_add
 .text.log_init
                0x00000fa8       0x44 ./sources/freertos_queue.o
                0x00000fa8                log_init
 .text.log_task
                0x00000fec       0x40 ./sources/freertos_queue.o
 .text.CLOCK_EnableClock
                0x0000102c       0x34 ./sources/pin_mux.o
 .text.PORT_SetPinMux
                0x00001060       0x38 ./sources/pin_mux.o
 .text.BOARD_InitPins
                0x00001098       0x44 ./sources/pin_mux.o
                0x00001098                BOARD_InitPins
 .text.pvPortMalloc
                0x000010dc      0x184 ./freertos/Source/portable/MemMang/heap_4.o
                0x000010dc                pvPortMalloc
 .text.vPortFree
                0x00001260       0xb0 ./freertos/Source/portable/MemMang/heap_4.o
                0x00001260                vPortFree
 .text.prvHeapInit
                0x00001310       0xc4 ./freertos/Source/portable/MemMang/heap_4.o
 .text.prvInsertBlockIntoFreeList
                0x000013d4       0xb0 ./freertos/Source/portable/MemMang/heap_4.o
 .text.vPortSetupTimerInterrupt
                0x00001484       0x40 ./freertos/Source/portable/GCC/ARM_CM4F/fsl_tickless_systick.o
                0x00001484                vPortSetupTimerInterrupt
 .text.pxPortInitialiseStack
                0x000014c4       0x68 ./freertos/Source/portable/GCC/ARM_CM4F/port.o
                0x000014c4                pxPortInitialiseStack
 .text.prvTaskExitError
                0x0000152c       0x3c ./freertos/Source/portable/GCC/ARM_CM4F/port.o
 *fill*         0x00001568        0x8 
 .text.SVC_Handler
                0x00001570       0x30 ./freertos/Source/portable/GCC/ARM_CM4F/port.o
                0x00001570                SVC_Handler
 .text.prvPortStartFirstTask
                0x000015a0       0x20 ./freertos/Source/portable/GCC/ARM_CM4F/port.o
 .text.xPortStartScheduler
                0x000015c0      0x118 ./freertos/Source/portable/GCC/ARM_CM4F/port.o
                0x000015c0                xPortStartScheduler
 .text.vPortEnterCritical
                0x000016d8       0x5c ./freertos/Source/portable/GCC/ARM_CM4F/port.o
                0x000016d8                vPortEnterCritical
 .text.vPortExitCritical
                0x00001734       0x4c ./freertos/Source/portable/GCC/ARM_CM4F/port.o
                0x00001734                vPortExitCritical
 .text.PendSV_Handler
                0x00001780       0x70 ./freertos/Source/portable/GCC/ARM_CM4F/port.o
                0x00001780                PendSV_Handler
 .text.SysTick_Handler
                0x000017f0       0x40 ./freertos/Source/portable/GCC/ARM_CM4F/port.o
                0x000017f0                SysTick_Handler
 .text.vPortEnableVFP
                0x00001830       0x14 ./freertos/Source/portable/GCC/ARM_CM4F/port.o
 .text.vPortValidateInterruptPriority
                0x00001844       0x78 ./freertos/Source/portable/GCC/ARM_CM4F/port.o
                0x00001844                vPortValidateInterruptPriority
 .text.vListInitialise
                0x000018bc       0x40 ./freertos/Source/list.o
                0x000018bc                vListInitialise
 .text.vListInitialiseItem
                0x000018fc       0x18 ./freertos/Source/list.o
                0x000018fc                vListInitialiseItem
 .text.vListInsertEnd
                0x00001914       0x48 ./freertos/Source/list.o
                0x00001914                vListInsertEnd
 .text.vListInsert
                0x0000195c       0x70 ./freertos/Source/list.o
                0x0000195c                vListInsert
 .text.uxListRemove
                0x000019cc       0x54 ./freertos/Source/list.o
                0x000019cc                uxListRemove
 .text.xQueueGenericReset
                0x00001a20       0xd0 ./freertos/Source/queue.o
                0x00001a20                xQueueGenericReset
 .text.xQueueGenericCreate
                0x00001af0       0x70 ./freertos/Source/queue.o
                0x00001af0                xQueueGenericCreate
 .text.prvInitialiseNewQueue
                0x00001b60       0x44 ./freertos/Source/queue.o
 .text.xQueueGenericSend
                0x00001ba4      0x1fc ./freertos/Source/queue.o
                0x00001ba4                xQueueGenericSend
 .text.xQueueGenericSendFromISR
                0x00001da0      0x128 ./freertos/Source/queue.o
                0x00001da0                xQueueGenericSendFromISR
 .text.xQueueGenericReceive
                0x00001ec8      0x22c ./freertos/Source/queue.o
                0x00001ec8                xQueueGenericReceive
 .text.prvCopyDataToQueue
                0x000020f4       0xd8 ./freertos/Source/queue.o
 .text.prvCopyDataFromQueue
                0x000021cc       0x4c ./freertos/Source/queue.o
 .text.prvUnlockQueue
                0x00002218       0xa0 ./freertos/Source/queue.o
 .text.prvIsQueueEmpty
                0x000022b8       0x2c ./freertos/Source/queue.o
 .text.prvIsQueueFull
                0x000022e4       0x30 ./freertos/Source/queue.o
 .text.vQueueAddToRegistry
                0x00002314       0x50 ./freertos/Source/queue.o
                0x00002314                vQueueAddToRegistry
 .text.vQueueWaitForMessageRestricted
                0x00002364       0x6c ./freertos/Source/queue.o
                0x00002364                vQueueWaitForMessageRestricted
 .text.xTaskCreate
                0x000023d0       0x84 ./freertos/Source/tasks.o
                0x000023d0                xTaskCreate
 .text.prvInitialiseNewTask
                0x00002454      0x128 ./freertos/Source/tasks.o
 .text.prvAddNewTaskToReadyList
                0x0000257c       0xdc ./freertos/Source/tasks.o
 .text.vTaskSuspend
                0x00002658      0x10c ./freertos/Source/tasks.o
                0x00002658                vTaskSuspend
 .text.vTaskStartScheduler
                0x00002764       0x98 ./freertos/Source/tasks.o
                0x00002764                vTaskStartScheduler
 .text.vTaskSuspendAll
                0x000027fc       0x1c ./freertos/Source/tasks.o
                0x000027fc                vTaskSuspendAll
 .text.xTaskResumeAll
                0x00002818      0x138 ./freertos/Source/tasks.o
                0x00002818                xTaskResumeAll
 .text.xTaskGetTickCount
                0x00002950       0x20 ./freertos/Source/tasks.o
                0x00002950                xTaskGetTickCount
 .text.xTaskIncrementTick
                0x00002970      0x15c ./freertos/Source/tasks.o
                0x00002970                xTaskIncrementTick
 .text.vTaskSwitchContext
                0x00002acc       0xb4 ./freertos/Source/tasks.o
                0x00002acc                vTaskSwitchContext
 .text.vTaskPlaceOnEventList
                0x00002b80       0x44 ./freertos/Source/tasks.o
                0x00002b80                vTaskPlaceOnEventList
 .text.vTaskPlaceOnEventListRestricted
                0x00002bc4       0x54 ./freertos/Source/tasks.o
                0x00002bc4                vTaskPlaceOnEventListRestricted
 .text.xTaskRemoveFromEventList
                0x00002c18       0xc4 ./freertos/Source/tasks.o
                0x00002c18                xTaskRemoveFromEventList
 .text.vTaskSetTimeOutState
                0x00002cdc       0x44 ./freertos/Source/tasks.o
                0x00002cdc                vTaskSetTimeOutState
 .text.xTaskCheckForTimeOut
                0x00002d20       0xbc ./freertos/Source/tasks.o
                0x00002d20                xTaskCheckForTimeOut
 .text.vTaskMissedYield
                0x00002ddc       0x18 ./freertos/Source/tasks.o
                0x00002ddc                vTaskMissedYield
 .text.prvIdleTask
                0x00002df4       0x30 ./freertos/Source/tasks.o
 .text.prvInitialiseTaskLists
                0x00002e24       0x7c ./freertos/Source/tasks.o
 .text.prvCheckTasksWaitingTermination
                0x00002ea0       0x74 ./freertos/Source/tasks.o
 .text.prvDeleteTCB
                0x00002f14       0x20 ./freertos/Source/tasks.o
 .text.prvResetNextTaskUnblockTime
                0x00002f34       0x48 ./freertos/Source/tasks.o
 .text.xTaskGetSchedulerState
                0x00002f7c       0x3c ./freertos/Source/tasks.o
                0x00002f7c                xTaskGetSchedulerState
 .text.vTaskPriorityInherit
                0x00002fb8       0xec ./freertos/Source/tasks.o
                0x00002fb8                vTaskPriorityInherit
 .text.xTaskPriorityDisinherit
                0x000030a4      0x108 ./freertos/Source/tasks.o
                0x000030a4                xTaskPriorityDisinherit
 .text.pvTaskIncrementMutexHeldCount
                0x000031ac       0x28 ./freertos/Source/tasks.o
                0x000031ac                pvTaskIncrementMutexHeldCount
 .text.prvAddCurrentTaskToDelayedList
                0x000031d4       0xc8 ./freertos/Source/tasks.o
 .text.xTimerCreateTimerTask
                0x0000329c       0x64 ./freertos/Source/timers.o
                0x0000329c                xTimerCreateTimerTask
 .text.xTimerGenericCommand
                0x00003300       0xa4 ./freertos/Source/timers.o
                0x00003300                xTimerGenericCommand
 .text.prvProcessExpiredTimer
                0x000033a4       0x80 ./freertos/Source/timers.o
 .text.prvTimerTask
                0x00003424       0x24 ./freertos/Source/timers.o
 .text.prvProcessTimerOrBlockTask
                0x00003448       0x9c ./freertos/Source/timers.o
 .text.prvGetNextExpireTime
                0x000034e4       0x48 ./freertos/Source/timers.o
 .text.prvSampleTimeNow
                0x0000352c       0x40 ./freertos/Source/timers.o
 .text.prvInsertTimerInActiveList
                0x0000356c       0x84 ./freertos/Source/timers.o
 .text.prvProcessReceivedCommands
                0x000035f0      0x12c ./freertos/Source/timers.o
 .text.prvSwitchTimerLists
                0x0000371c       0xc0 ./freertos/Source/timers.o
 .text.prvCheckForValidListAndQueue
                0x000037dc       0x6c ./freertos/Source/timers.o
 .text.CLOCK_SetEr32kClock
                0x00003848       0x2c ./drivers/fsl_clock.o
 .text.CLOCK_SetPllFllSelClock
                0x00003874       0x38 ./drivers/fsl_clock.o
 .text.OSC_SetExtRefClkConfig
                0x000038ac       0x34 ./drivers/fsl_clock.o
 .text.OSC_SetCapLoad
                0x000038e0       0x34 ./drivers/fsl_clock.o
 .text.CLOCK_GetMcgExtClkFreq
                0x00003914       0x8c ./drivers/fsl_clock.o
 .text.CLOCK_GetFllExtRefClkFreq
                0x000039a0       0xc8 ./drivers/fsl_clock.o
 .text.CLOCK_GetInternalRefClkSelectFreq
                0x00003a68       0x44 ./drivers/fsl_clock.o
 .text.CLOCK_GetFllRefClkFreq
                0x00003aac       0x2c ./drivers/fsl_clock.o
 .text.CLOCK_GetPll0RefFreq
                0x00003ad8       0x10 ./drivers/fsl_clock.o
 .text.CLOCK_GetOscRangeFromFreq
                0x00003ae8       0x3c ./drivers/fsl_clock.o
 .text.CLOCK_GetCoreSysClkFreq
                0x00003b24       0x24 ./drivers/fsl_clock.o
                0x00003b24                CLOCK_GetCoreSysClkFreq
 .text.CLOCK_SetSimConfig
                0x00003b48       0x34 ./drivers/fsl_clock.o
                0x00003b48                CLOCK_SetSimConfig
 .text.CLOCK_GetOutClkFreq
                0x00003b7c       0x64 ./drivers/fsl_clock.o
                0x00003b7c                CLOCK_GetOutClkFreq
 .text.CLOCK_GetFllFreq
                0x00003be0       0x74 ./drivers/fsl_clock.o
                0x00003be0                CLOCK_GetFllFreq
 .text.CLOCK_GetPll0Freq
                0x00003c54       0x78 ./drivers/fsl_clock.o
                0x00003c54                CLOCK_GetPll0Freq
 .text.CLOCK_SetExternalRefClkConfig
                0x00003ccc       0x90 ./drivers/fsl_clock.o
                0x00003ccc                CLOCK_SetExternalRefClkConfig
 .text.CLOCK_SetInternalRefClkConfig
                0x00003d5c      0x104 ./drivers/fsl_clock.o
                0x00003d5c                CLOCK_SetInternalRefClkConfig
 .text.CLOCK_EnablePll0
                0x00003e60       0x94 ./drivers/fsl_clock.o
                0x00003e60                CLOCK_EnablePll0
 .text.CLOCK_InitOsc0
                0x00003ef4       0x8c ./drivers/fsl_clock.o
                0x00003ef4                CLOCK_InitOsc0
 .text.CLOCK_SetPbeMode
                0x00003f80       0xb8 ./drivers/fsl_clock.o
                0x00003f80                CLOCK_SetPbeMode
 .text.CLOCK_BootToPeeMode
                0x00004038       0x74 ./drivers/fsl_clock.o
                0x00004038                CLOCK_BootToPeeMode
 .text.__assert_func
                0x000040ac       0x28 ./drivers/fsl_common.o
                0x000040ac                __assert_func
 .text.CLOCK_EnableClock
                0x000040d4       0x34 ./drivers/fsl_uart.o
 .text.UART_GetInstance
                0x00004108       0x60 ./drivers/fsl_uart.o
                0x00004108                UART_GetInstance
 .text.UART_Init
                0x00004168      0x2d8 ./drivers/fsl_uart.o
                0x00004168                UART_Init
 .text.UART_GetDefaultConfig
                0x00004440       0x5c ./drivers/fsl_uart.o
                0x00004440                UART_GetDefaultConfig
 .text.UART_GetStatusFlags
                0x0000449c       0x48 ./drivers/fsl_uart.o
                0x0000449c                UART_GetStatusFlags
 .text.UART_WriteBlocking
                0x000044e4       0x40 ./drivers/fsl_uart.o
                0x000044e4                UART_WriteBlocking
 .text.UART_ReadBlocking
                0x00004524       0xa4 ./drivers/fsl_uart.o
                0x00004524                UART_ReadBlocking
 .text.UART0_DriverIRQHandler
                0x000045c8       0x20 ./drivers/fsl_uart.o
                0x000045c8                UART0_DriverIRQHandler
 .text.UART0_RX_TX_DriverIRQHandler
                0x000045e8        0xc ./drivers/fsl_uart.o
                0x000045e8                UART0_RX_TX_DriverIRQHandler
 .text.UART1_DriverIRQHandler
                0x000045f4       0x20 ./drivers/fsl_uart.o
                0x000045f4                UART1_DriverIRQHandler
 .text.UART1_RX_TX_DriverIRQHandler
                0x00004614        0xc ./drivers/fsl_uart.o
                0x00004614                UART1_RX_TX_DriverIRQHandler
 .text.UART2_DriverIRQHandler
                0x00004620       0x20 ./drivers/fsl_uart.o
                0x00004620                UART2_DriverIRQHandler
 .text.UART2_RX_TX_DriverIRQHandler
                0x00004640        0xc ./drivers/fsl_uart.o
                0x00004640                UART2_RX_TX_DriverIRQHandler
 .text.UART3_DriverIRQHandler
                0x0000464c       0x20 ./drivers/fsl_uart.o
                0x0000464c                UART3_DriverIRQHandler
 .text.UART3_RX_TX_DriverIRQHandler
                0x0000466c        0xc ./drivers/fsl_uart.o
                0x0000466c                UART3_RX_TX_DriverIRQHandler
 .text.UART4_DriverIRQHandler
                0x00004678       0x20 ./drivers/fsl_uart.o
                0x00004678                UART4_DriverIRQHandler
 .text.UART4_RX_TX_DriverIRQHandler
                0x00004698        0xc ./drivers/fsl_uart.o
                0x00004698                UART4_RX_TX_DriverIRQHandler
 .text.UART5_DriverIRQHandler
                0x000046a4       0x20 ./drivers/fsl_uart.o
                0x000046a4                UART5_DriverIRQHandler
 .text.UART5_RX_TX_DriverIRQHandler
                0x000046c4        0xc ./drivers/fsl_uart.o
                0x000046c4                UART5_RX_TX_DriverIRQHandler
 .text.SystemInit
                0x000046d0       0x3c ./devices/system_MK64F12.o
                0x000046d0                SystemInit
 .text.__errno  0x0000470c        0xc /opt/Freescale/KDS_v3/toolchain/bin/../lib/gcc/arm-none-eabi/4.8.4/../../../../arm-none-eabi/lib/armv7e-m/fpu/libg_s.a(lib_a-errno.o)
                0x0000470c                __errno
 .text.exit     0x00004718       0x28 /opt/Freescale/KDS_v3/toolchain/bin/../lib/gcc/arm-none-eabi/4.8.4/../../../../arm-none-eabi/lib/armv7e-m/fpu/libg_s.a(lib_a-exit.o)
                0x00004718                exit
 .text.__libc_init_array
                0x00004740       0x4c /opt/Freescale/KDS_v3/toolchain/bin/../lib/gcc/arm-none-eabi/4.8.4/../../../../arm-none-eabi/lib/armv7e-m/fpu/libg_s.a(lib_a-init.o)
                0x00004740                __libc_init_array
 .text.memcpy   0x0000478c       0x12 /opt/Freescale/KDS_v3/toolchain/bin/../lib/gcc/arm-none-eabi/4.8.4/../../../../arm-none-eabi/lib/armv7e-m/fpu/libg_s.a(lib_a-memcpy-stub.o)
                0x0000478c                memcpy
 .text.memset   0x0000479e       0x10 /opt/Freescale/KDS_v3/toolchain/bin/../lib/gcc/arm-none-eabi/4.8.4/../../../../arm-none-eabi/lib/armv7e-m/fpu/libg_s.a(lib_a-memset.o)
                0x0000479e                memset
 *fill*         0x000047ae        0x2 
 .text.sprintf  0x000047b0       0x48 /opt/Freescale/KDS_v3/toolchain/bin/../lib/gcc/arm-none-eabi/4.8.4/../../../../arm-none-eabi/lib/armv7e-m/fpu/libg_s.a(lib_a-sprintf.o)
                0x000047b0                sprintf
                0x000047b0                siprintf
 .text.strlen   0x000047f8       0x10 /opt/Freescale/KDS_v3/toolchain/bin/../lib/gcc/arm-none-eabi/4.8.4/../../../../arm-none-eabi/lib/armv7e-m/fpu/libg_s.a(lib_a-strlen.o)
                0x000047f8                strlen
 .text.__ssputs_r
                0x00004808       0xb8 /opt/Freescale/KDS_v3/toolchain/bin/../lib/gcc/arm-none-eabi/4.8.4/../../../../arm-none-eabi/lib/armv7e-m/fpu/libg_s.a(lib_a-svfprintf.o)
                0x00004808                __ssputs_r
 .text._svfprintf_r
                0x000048c0      0x1dc /opt/Freescale/KDS_v3/toolchain/bin/../lib/gcc/arm-none-eabi/4.8.4/../../../../arm-none-eabi/lib/armv7e-m/fpu/libg_s.a(lib_a-svfprintf.o)
                0x000048c0                _svfprintf_r
                0x000048c0                _svfiprintf_r
 .text._printf_common
                0x00004a9c       0xe4 /opt/Freescale/KDS_v3/toolchain/bin/../lib/gcc/arm-none-eabi/4.8.4/../../../../arm-none-eabi/lib/armv7e-m/fpu/libg_s.a(lib_a-vfprintf_i.o)
                0x00004a9c                _printf_common
 .text._printf_i
                0x00004b80      0x228 /opt/Freescale/KDS_v3/toolchain/bin/../lib/gcc/arm-none-eabi/4.8.4/../../../../arm-none-eabi/lib/armv7e-m/fpu/libg_s.a(lib_a-vfprintf_i.o)
                0x00004b80                _printf_i
 .text.memchr   0x00004da8       0x1e /opt/Freescale/KDS_v3/toolchain/bin/../lib/gcc/arm-none-eabi/4.8.4/../../../../arm-none-eabi/lib/armv7e-m/fpu/libg_s.a(lib_a-memchr-stub.o)
                0x00004da8                memchr
 .text.memmove  0x00004dc6       0x36 /opt/Freescale/KDS_v3/toolchain/bin/../lib/gcc/arm-none-eabi/4.8.4/../../../../arm-none-eabi/lib/armv7e-m/fpu/libg_s.a(lib_a-memmove.o)
                0x00004dc6                memmove
 .text._free_r  0x00004dfc       0x88 /opt/Freescale/KDS_v3/toolchain/bin/../lib/gcc/arm-none-eabi/4.8.4/../../../../arm-none-eabi/lib/armv7e-m/fpu/libg_s.a(lib_a-nano-freer.o)
                0x00004dfc                _free_r
 .text._malloc_r
                0x00004e84       0xa8 /opt/Freescale/KDS_v3/toolchain/bin/../lib/gcc/arm-none-eabi/4.8.4/../../../../arm-none-eabi/lib/armv7e-m/fpu/libg_s.a(lib_a-nano-mallocr.o)
                0x00004e84                _malloc_r
 .text._realloc_r
                0x00004f2c       0x4c /opt/Freescale/KDS_v3/toolchain/bin/../lib/gcc/arm-none-eabi/4.8.4/../../../../arm-none-eabi/lib/armv7e-m/fpu/libg_s.a(lib_a-nano-reallocr.o)
                0x00004f2c                _realloc_r
 .text._sbrk_r  0x00004f78       0x20 /opt/Freescale/KDS_v3/toolchain/bin/../lib/gcc/arm-none-eabi/4.8.4/../../../../arm-none-eabi/lib/armv7e-m/fpu/libg_s.a(lib_a-sbrkr.o)
                0x00004f78                _sbrk_r
 .text._malloc_usable_size_r
                0x00004f98       0x12 /opt/Freescale/KDS_v3/toolchain/bin/../lib/gcc/arm-none-eabi/4.8.4/../../../../arm-none-eabi/lib/armv7e-m/fpu/libg_s.a(lib_a-nano-msizer.o)
                0x00004f98                _malloc_usable_size_r
 *fill*         0x00004faa        0x2 
 .text._exit    0x00004fac        0x4 /opt/Freescale/KDS_v3/toolchain/bin/../lib/gcc/arm-none-eabi/4.8.4/../../../../arm-none-eabi/lib/armv7e-m/fpu/libnosys.a(_exit.o)
                0x00004fac                _exit
 *(.rodata)
 .rodata        0x00004fb0       0x1c ./sources/clock_config.o
 .rodata        0x00004fcc       0x64 ./sources/freertos_queue.o
 .rodata        0x00005030        0x8 ./freertos/Source/tasks.o
 .rodata        0x00005038       0x10 ./freertos/Source/timers.o
 .rodata        0x00005048       0x48 ./drivers/fsl_clock.o
 .rodata        0x00005090       0x40 ./drivers/fsl_common.o
 .rodata        0x000050d0      0x12c ./drivers/fsl_uart.o
 *(.rodata*)
 .rodata.__func__.6318
                0x000051fc       0x18 ./drivers/fsl_clock.o
 .rodata.fllFactorTable.6446
                0x00005214       0x10 ./drivers/fsl_clock.o
 .rodata.__func__.6461
                0x00005224       0x14 ./drivers/fsl_clock.o
 .rodata.__func__.6509
                0x00005238       0x14 ./drivers/fsl_clock.o
 .rodata.__func__.6645
                0x0000524c       0x14 ./drivers/fsl_clock.o
 .rodata.__func__.6709
                0x00005260       0x14 ./drivers/fsl_clock.o
 .rodata.s_uartBases
                0x00005274       0x18 ./drivers/fsl_uart.o
 .rodata.s_uartClock
                0x0000528c       0x18 ./drivers/fsl_uart.o
 .rodata.__func__.6517
                0x000052a4       0x14 ./drivers/fsl_uart.o
 .rodata.__func__.6533
                0x000052b8        0xc ./drivers/fsl_uart.o
 .rodata.__func__.6551
                0x000052c4       0x18 ./drivers/fsl_uart.o
 .rodata.__func__.6611
                0x000052dc       0x14 ./drivers/fsl_uart.o
 .rodata.str1.1
                0x000052f0        0x2 /opt/Freescale/KDS_v3/toolchain/bin/../lib/gcc/arm-none-eabi/4.8.4/../../../../arm-none-eabi/lib/armv7e-m/fpu/libg_s.a(lib_a-impure.o)
 *fill*         0x000052f2        0x2 
 .rodata._global_impure_ptr
                0x000052f4        0x4 /opt/Freescale/KDS_v3/toolchain/bin/../lib/gcc/arm-none-eabi/4.8.4/../../../../arm-none-eabi/lib/armv7e-m/fpu/libg_s.a(lib_a-impure.o)
                0x000052f4                _global_impure_ptr
 .rodata.str1.1
                0x000052f8       0x11 /opt/Freescale/KDS_v3/toolchain/bin/../lib/gcc/arm-none-eabi/4.8.4/../../../../arm-none-eabi/lib/armv7e-m/fpu/libg_s.a(lib_a-svfprintf.o)
 .rodata.str1.1
                0x00005309       0x22 /opt/Freescale/KDS_v3/toolchain/bin/../lib/gcc/arm-none-eabi/4.8.4/../../../../arm-none-eabi/lib/armv7e-m/fpu/libg_s.a(lib_a-vfprintf_i.o)
 *(.glue_7)
 .glue_7        0x00000000        0x0 linker stubs
 *(.glue_7t)
 .glue_7t       0x00000000        0x0 linker stubs
 *(.eh_frame)
 *fill*         0x0000532b        0x1 
 .eh_frame      0x0000532c        0x0 /opt/Freescale/KDS_v3/toolchain/bin/../lib/gcc/arm-none-eabi/4.8.4/armv7e-m/fpu/crtbegin.o
 *(.init)
 .init          0x0000532c        0x4 /opt/Freescale/KDS_v3/toolchain/bin/../lib/gcc/arm-none-eabi/4.8.4/armv7e-m/fpu/crti.o
                0x0000532c                _init
 .init          0x00005330        0x8 /opt/Freescale/KDS_v3/toolchain/bin/../lib/gcc/arm-none-eabi/4.8.4/armv7e-m/fpu/crtn.o
 *(.fini)
 .fini          0x00005338        0x4 /opt/Freescale/KDS_v3/toolchain/bin/../lib/gcc/arm-none-eabi/4.8.4/armv7e-m/fpu/crti.o
                0x00005338                _fini
 .fini          0x0000533c        0x8 /opt/Freescale/KDS_v3/toolchain/bin/../lib/gcc/arm-none-eabi/4.8.4/armv7e-m/fpu/crtn.o
                0x00005344                . = ALIGN (0x4)

.vfp11_veneer   0x00005344        0x0
 .vfp11_veneer  0x00000000        0x0 linker stubs

.v4_bx          0x00005344        0x0
 .v4_bx         0x00000000        0x0 linker stubs

.iplt           0x00005344        0x0
 .iplt          0x00000000        0x0 /opt/Freescale/KDS_v3/toolchain/bin/../lib/gcc/arm-none-eabi/4.8.4/armv7e-m/fpu/crtbegin.o

.ARM.extab
 *(.ARM.extab* .gnu.linkonce.armextab.*)

.ARM            0x00005344        0x8
                0x00005344                __exidx_start = .
 *(.ARM.exidx*)
 .ARM.exidx     0x00005344        0x8 /opt/Freescale/KDS_v3/toolchain/bin/../lib/gcc/arm-none-eabi/4.8.4/../../../../arm-none-eabi/lib/armv7e-m/fpu/crt0.o
                0x0000534c                __exidx_end = .

.rel.dyn        0x0000534c        0x0
 .rel.iplt      0x00000000        0x0 /opt/Freescale/KDS_v3/toolchain/bin/../lib/gcc/arm-none-eabi/4.8.4/armv7e-m/fpu/crtbegin.o

.ctors          0x0000534c        0x0
                0x0000534c                __CTOR_LIST__ = .
 *crtbegin.o(.ctors)
 *crtbegin?.o(.ctors)
 *(EXCLUDE_FILE(*crtend.o *crtend?.o) .ctors)
 *(SORT(.ctors.*))
 *(.ctors)
                0x0000534c                __CTOR_END__ = .

.dtors          0x0000534c        0x0
                0x0000534c                __DTOR_LIST__ = .
 *crtbegin.o(.dtors)
 *crtbegin?.o(.dtors)
 *(EXCLUDE_FILE(*crtend.o *crtend?.o) .dtors)
 *(SORT(.dtors.*))
 *(.dtors)
                0x0000534c                __DTOR_END__ = .

.preinit_array  0x0000534c        0x0
                0x0000534c                PROVIDE (__preinit_array_start, .)
 *(.preinit_array*)
                0x0000534c                PROVIDE (__preinit_array_end, .)

.init_array     0x0000534c        0x4
                0x0000534c                PROVIDE (__init_array_start, .)
 *(SORT(.init_array.*))
 *(.init_array*)
 .init_array    0x0000534c        0x4 /opt/Freescale/KDS_v3/toolchain/bin/../lib/gcc/arm-none-eabi/4.8.4/armv7e-m/fpu/crtbegin.o
                0x00005350                PROVIDE (__init_array_end, .)

.fini_array     0x00005350        0x4
                0x00005350                PROVIDE (__fini_array_start, .)
 *(SORT(.fini_array.*))
 *(.fini_array*)
 .fini_array    0x00005350        0x4 /opt/Freescale/KDS_v3/toolchain/bin/../lib/gcc/arm-none-eabi/4.8.4/armv7e-m/fpu/crtbegin.o
                0x00005354                PROVIDE (__fini_array_end, .)
                0x00005354                __etext = .
                0x00005354                __DATA_ROM = .

.interrupts_ram
                0x1fff0000        0x0
                0x1fff0000                . = ALIGN (0x4)
                0x1fff0000                __VECTOR_RAM__ = .
                0x1fff0000                __interrupts_ram_start__ = .
 *(.m_interrupts_ram)
                0x1fff0000                . = (. + M_VECTOR_RAM_SIZE)
                0x1fff0000                . = ALIGN (0x4)
                0x1fff0000                __interrupts_ram_end__ = .
                0x00000000                __VECTOR_RAM = DEFINED (__ram_vector_table__)?__VECTOR_RAM__:ORIGIN (m_interrupts)
                0x00000000                __RAM_VECTOR_TABLE_SIZE_BYTES = DEFINED (__ram_vector_table__)?(__interrupts_ram_end__ - __interrupts_ram_start__):0x0

.data           0x1fff0000       0x78 load address 0x00005354
                0x1fff0000                . = ALIGN (0x4)
                0x1fff0000                __DATA_RAM = .
                0x1fff0000                __data_start__ = .
 *(.data)
 *(.data*)
 .data.uxCriticalNesting
                0x1fff0000        0x4 ./freertos/Source/portable/GCC/ARM_CM4F/port.o
 .data.s_slowIrcFreq
                0x1fff0004        0x4 ./drivers/fsl_clock.o
 .data.s_fastIrcFreq
                0x1fff0008        0x4 ./drivers/fsl_clock.o
 .data.SystemCoreClock
                0x1fff000c        0x4 ./devices/system_MK64F12.o
                0x1fff000c                SystemCoreClock
 .data.impure_data
                0x1fff0010       0x60 /opt/Freescale/KDS_v3/toolchain/bin/../lib/gcc/arm-none-eabi/4.8.4/../../../../arm-none-eabi/lib/armv7e-m/fpu/libg_s.a(lib_a-impure.o)
 .data._impure_ptr
                0x1fff0070        0x4 /opt/Freescale/KDS_v3/toolchain/bin/../lib/gcc/arm-none-eabi/4.8.4/../../../../arm-none-eabi/lib/armv7e-m/fpu/libg_s.a(lib_a-impure.o)
                0x1fff0070                _impure_ptr
 *(.jcr*)
 .jcr           0x1fff0074        0x0 /opt/Freescale/KDS_v3/toolchain/bin/../lib/gcc/arm-none-eabi/4.8.4/armv7e-m/fpu/crtbegin.o
 .jcr           0x1fff0074        0x4 /opt/Freescale/KDS_v3/toolchain/bin/../lib/gcc/arm-none-eabi/4.8.4/armv7e-m/fpu/crtend.o
                0x1fff0078                . = ALIGN (0x4)
                0x1fff0078                __data_end__ = .
                0x000053cc                __DATA_END = (__DATA_ROM + (__data_end__ - __data_start__))
                0x00100000                text_end = (ORIGIN (m_text) + 0xffbf0)
                0x00000001                ASSERT ((__DATA_END <= text_end), region m_text overflowed with text and data)
                0x00000000                USB_RAM_GAP = DEFINED (__usb_ram_size__)?__usb_ram_size__:0x0

.igot.plt       0x1fff0078        0x0 load address 0x000053cc
 .igot.plt      0x00000000        0x0 /opt/Freescale/KDS_v3/toolchain/bin/../lib/gcc/arm-none-eabi/4.8.4/armv7e-m/fpu/crtbegin.o

.bss            0x1fff0078     0x2b8c load address 0x000053cc
                0x1fff0078                . = ALIGN (0x4)
                0x1fff0078                __START_BSS = .
                0x1fff0078                __bss_start__ = .
 *(.bss)
 .bss           0x1fff0078       0x1c /opt/Freescale/KDS_v3/toolchain/bin/../lib/gcc/arm-none-eabi/4.8.4/armv7e-m/fpu/crtbegin.o
 *(.bss*)
 .bss.s_debugConsole
                0x1fff0094       0x10 ./utilities/fsl_debug_console.o
 .bss.heap_end.4522
                0x1fff00a4        0x4 ./utilities/fsl_sbrk.o
 .bss.log_queue
                0x1fff00a8        0x4 ./sources/freertos_queue.o
 .bss.ucHeap    0x1fff00ac     0x2800 ./freertos/Source/portable/MemMang/heap_4.o
 .bss.xStart    0x1fff28ac        0x8 ./freertos/Source/portable/MemMang/heap_4.o
 .bss.pxEnd     0x1fff28b4        0x4 ./freertos/Source/portable/MemMang/heap_4.o
 .bss.xFreeBytesRemaining
                0x1fff28b8        0x4 ./freertos/Source/portable/MemMang/heap_4.o
 .bss.xMinimumEverFreeBytesRemaining
                0x1fff28bc        0x4 ./freertos/Source/portable/MemMang/heap_4.o
 .bss.xBlockAllocatedBit
                0x1fff28c0        0x4 ./freertos/Source/portable/MemMang/heap_4.o
 .bss.ucMaxSysCallPriority
                0x1fff28c4        0x1 ./freertos/Source/portable/GCC/ARM_CM4F/port.o
 *fill*         0x1fff28c5        0x3 
 .bss.ulMaxPRIGROUPValue
                0x1fff28c8        0x4 ./freertos/Source/portable/GCC/ARM_CM4F/port.o
 .bss.xQueueRegistry
                0x1fff28cc       0x40 ./freertos/Source/queue.o
                0x1fff28cc                xQueueRegistry
 .bss.pxCurrentTCB
                0x1fff290c        0x4 ./freertos/Source/tasks.o
                0x1fff290c                pxCurrentTCB
 .bss.pxReadyTasksLists
                0x1fff2910       0x64 ./freertos/Source/tasks.o
 .bss.xDelayedTaskList1
                0x1fff2974       0x14 ./freertos/Source/tasks.o
 .bss.xDelayedTaskList2
                0x1fff2988       0x14 ./freertos/Source/tasks.o
 .bss.pxDelayedTaskList
                0x1fff299c        0x4 ./freertos/Source/tasks.o
 .bss.pxOverflowDelayedTaskList
                0x1fff29a0        0x4 ./freertos/Source/tasks.o
 .bss.xPendingReadyList
                0x1fff29a4       0x14 ./freertos/Source/tasks.o
 .bss.xTasksWaitingTermination
                0x1fff29b8       0x14 ./freertos/Source/tasks.o
 .bss.uxDeletedTasksWaitingCleanUp
                0x1fff29cc        0x4 ./freertos/Source/tasks.o
 .bss.xSuspendedTaskList
                0x1fff29d0       0x14 ./freertos/Source/tasks.o
 .bss.uxCurrentNumberOfTasks
                0x1fff29e4        0x4 ./freertos/Source/tasks.o
 .bss.xTickCount
                0x1fff29e8        0x4 ./freertos/Source/tasks.o
 .bss.uxTopReadyPriority
                0x1fff29ec        0x4 ./freertos/Source/tasks.o
 .bss.xSchedulerRunning
                0x1fff29f0        0x4 ./freertos/Source/tasks.o
 .bss.uxPendedTicks
                0x1fff29f4        0x4 ./freertos/Source/tasks.o
 .bss.xYieldPending
                0x1fff29f8        0x4 ./freertos/Source/tasks.o
 .bss.xNumOfOverflows
                0x1fff29fc        0x4 ./freertos/Source/tasks.o
 .bss.uxTaskNumber
                0x1fff2a00        0x4 ./freertos/Source/tasks.o
 .bss.xNextTaskUnblockTime
                0x1fff2a04        0x4 ./freertos/Source/tasks.o
 .bss.xIdleTaskHandle
                0x1fff2a08        0x4 ./freertos/Source/tasks.o
 .bss.uxSchedulerSuspended
                0x1fff2a0c        0x4 ./freertos/Source/tasks.o
 .bss.xActiveTimerList1
                0x1fff2a10       0x14 ./freertos/Source/timers.o
 .bss.xActiveTimerList2
                0x1fff2a24       0x14 ./freertos/Source/timers.o
 .bss.pxCurrentTimerList
                0x1fff2a38        0x4 ./freertos/Source/timers.o
 .bss.pxOverflowTimerList
                0x1fff2a3c        0x4 ./freertos/Source/timers.o
 .bss.xTimerQueue
                0x1fff2a40        0x4 ./freertos/Source/timers.o
 .bss.xTimerTaskHandle
                0x1fff2a44        0x4 ./freertos/Source/timers.o
 .bss.xLastTime.4860
                0x1fff2a48        0x4 ./freertos/Source/timers.o
 .bss.g_xtal0Freq
                0x1fff2a4c        0x4 ./drivers/fsl_clock.o
                0x1fff2a4c                g_xtal0Freq
 .bss.g_xtal32Freq
                0x1fff2a50        0x4 ./drivers/fsl_clock.o
                0x1fff2a50                g_xtal32Freq
 .bss.s_uartHandle
                0x1fff2a54       0x18 ./drivers/fsl_uart.o
 .bss.s_uartIsr
                0x1fff2a6c        0x4 ./drivers/fsl_uart.o
 .bss.__malloc_sbrk_start
                0x1fff2a70        0x4 /opt/Freescale/KDS_v3/toolchain/bin/../lib/gcc/arm-none-eabi/4.8.4/../../../../arm-none-eabi/lib/armv7e-m/fpu/libg_s.a(lib_a-nano-mallocr.o)
                0x1fff2a70                __malloc_sbrk_start
 .bss.__malloc_free_list
                0x1fff2a74        0x4 /opt/Freescale/KDS_v3/toolchain/bin/../lib/gcc/arm-none-eabi/4.8.4/../../../../arm-none-eabi/lib/armv7e-m/fpu/libg_s.a(lib_a-nano-mallocr.o)
                0x1fff2a74                __malloc_free_list
                0x1fff2c00                . = ALIGN (0x200)
 *fill*         0x1fff2a78      0x188 
                0x1fff2c00                USB_RAM_START = .
                0x1fff2c00                . = (. + USB_RAM_GAP)
 *(COMMON)
 COMMON         0x1fff2c00        0x4 /opt/Freescale/KDS_v3/toolchain/bin/../lib/gcc/arm-none-eabi/4.8.4/../../../../arm-none-eabi/lib/armv7e-m/fpu/libg_s.a(lib_a-reent.o)
                0x1fff2c00                errno
                0x1fff2c04                . = ALIGN (0x4)
                0x1fff2c04                __bss_end__ = .
                0x1fff2c04                __END_BSS = .

.heap           0x20000000      0x400
                0x20000000                . = ALIGN (0x8)
                0x20000000                __end__ = .
                0x20000000                PROVIDE (end, .)
                0x20000000                __HeapBase = .
                0x20000400                . = (. + HEAP_SIZE)
 *fill*         0x20000000      0x400 
                0x20000400                __HeapLimit = .
                0x20000400                __heap_limit = .

.stack          0x20000400      0x400
                0x20000400                . = ALIGN (0x8)
                0x20000800                . = (. + STACK_SIZE)
 *fill*         0x20000400      0x400 

m_usb_bdt       0x1fff2c00        0x0
 *(m_usb_bdt)
                0x1fff2c00                USB_RAM_BDT_END = .

m_usb_global
 *(m_usb_global)
                0x20030000                __StackTop = (ORIGIN (m_data_2) + 0x30000)
                0x2002fc00                __StackLimit = (__StackTop - STACK_SIZE)
                0x20030000                PROVIDE (__stack, __StackTop)

.ARM.attributes
                0x00000000       0x30
 *(.ARM.attributes)
 .ARM.attributes
                0x00000000       0x22 /opt/Freescale/KDS_v3/toolchain/bin/../lib/gcc/arm-none-eabi/4.8.4/armv7e-m/fpu/crti.o
 .ARM.attributes
                0x00000022       0x34 /opt/Freescale/KDS_v3/toolchain/bin/../lib/gcc/arm-none-eabi/4.8.4/armv7e-m/fpu/crtbegin.o
 .ARM.attributes
                0x00000056       0x20 /opt/Freescale/KDS_v3/toolchain/bin/../lib/gcc/arm-none-eabi/4.8.4/../../../../arm-none-eabi/lib/armv7e-m/fpu/crt0.o
 .ARM.attributes
                0x00000076       0x39 ./utilities/fsl_debug_console.o
 .ARM.attributes
                0x000000af       0x39 ./utilities/fsl_sbrk.o
 .ARM.attributes
                0x000000e8       0x39 ./sources/board.o
 .ARM.attributes
                0x00000121       0x39 ./sources/clock_config.o
 .ARM.attributes
                0x0000015a       0x39 ./sources/freertos_queue.o
 .ARM.attributes
                0x00000193       0x39 ./sources/pin_mux.o
 .ARM.attributes
                0x000001cc       0x39 ./freertos/Source/portable/MemMang/heap_4.o
 .ARM.attributes
                0x00000205       0x39 ./freertos/Source/portable/GCC/ARM_CM4F/fsl_tickless_systick.o
 .ARM.attributes
                0x0000023e       0x39 ./freertos/Source/portable/GCC/ARM_CM4F/port.o
 .ARM.attributes
                0x00000277       0x39 ./freertos/Source/list.o
 .ARM.attributes
                0x000002b0       0x39 ./freertos/Source/queue.o
 .ARM.attributes
                0x000002e9       0x39 ./freertos/Source/tasks.o
 .ARM.attributes
                0x00000322       0x39 ./freertos/Source/timers.o
 .ARM.attributes
                0x0000035b       0x39 ./drivers/fsl_clock.o
 .ARM.attributes
                0x00000394       0x39 ./drivers/fsl_common.o
 .ARM.attributes
                0x000003cd       0x39 ./drivers/fsl_uart.o
 .ARM.attributes
                0x00000406       0x1f ./devices/gcc/startup_MK64F12.o
 .ARM.attributes
                0x00000425       0x39 ./devices/system_MK64F12.o
 .ARM.attributes
                0x0000045e       0x34 /opt/Freescale/KDS_v3/toolchain/bin/../lib/gcc/arm-none-eabi/4.8.4/../../../../arm-none-eabi/lib/armv7e-m/fpu/libg_s.a(lib_a-errno.o)
 .ARM.attributes
                0x00000492       0x34 /opt/Freescale/KDS_v3/toolchain/bin/../lib/gcc/arm-none-eabi/4.8.4/../../../../arm-none-eabi/lib/armv7e-m/fpu/libg_s.a(lib_a-exit.o)
 .ARM.attributes
                0x000004c6       0x34 /opt/Freescale/KDS_v3/toolchain/bin/../lib/gcc/arm-none-eabi/4.8.4/../../../../arm-none-eabi/lib/armv7e-m/fpu/libg_s.a(lib_a-impure.o)
 .ARM.attributes
                0x000004fa       0x34 /opt/Freescale/KDS_v3/toolchain/bin/../lib/gcc/arm-none-eabi/4.8.4/../../../../arm-none-eabi/lib/armv7e-m/fpu/libg_s.a(lib_a-init.o)
 .ARM.attributes
                0x0000052e       0x34 /opt/Freescale/KDS_v3/toolchain/bin/../lib/gcc/arm-none-eabi/4.8.4/../../../../arm-none-eabi/lib/armv7e-m/fpu/libg_s.a(lib_a-memcpy-stub.o)
 .ARM.attributes
                0x00000562       0x34 /opt/Freescale/KDS_v3/toolchain/bin/../lib/gcc/arm-none-eabi/4.8.4/../../../../arm-none-eabi/lib/armv7e-m/fpu/libg_s.a(lib_a-memset.o)
 .ARM.attributes
                0x00000596       0x34 /opt/Freescale/KDS_v3/toolchain/bin/../lib/gcc/arm-none-eabi/4.8.4/../../../../arm-none-eabi/lib/armv7e-m/fpu/libg_s.a(lib_a-sprintf.o)
 .ARM.attributes
                0x000005ca       0x34 /opt/Freescale/KDS_v3/toolchain/bin/../lib/gcc/arm-none-eabi/4.8.4/../../../../arm-none-eabi/lib/armv7e-m/fpu/libg_s.a(lib_a-strlen.o)
 .ARM.attributes
                0x000005fe       0x34 /opt/Freescale/KDS_v3/toolchain/bin/../lib/gcc/arm-none-eabi/4.8.4/../../../../arm-none-eabi/lib/armv7e-m/fpu/libg_s.a(lib_a-svfprintf.o)
 .ARM.attributes
                0x00000632       0x34 /opt/Freescale/KDS_v3/toolchain/bin/../lib/gcc/arm-none-eabi/4.8.4/../../../../arm-none-eabi/lib/armv7e-m/fpu/libg_s.a(lib_a-vfprintf_i.o)
 .ARM.attributes
                0x00000666       0x34 /opt/Freescale/KDS_v3/toolchain/bin/../lib/gcc/arm-none-eabi/4.8.4/../../../../arm-none-eabi/lib/armv7e-m/fpu/libg_s.a(lib_a-memchr-stub.o)
 .ARM.attributes
                0x0000069a       0x34 /opt/Freescale/KDS_v3/toolchain/bin/../lib/gcc/arm-none-eabi/4.8.4/../../../../arm-none-eabi/lib/armv7e-m/fpu/libg_s.a(lib_a-memmove.o)
 .ARM.attributes
                0x000006ce       0x34 /opt/Freescale/KDS_v3/toolchain/bin/../lib/gcc/arm-none-eabi/4.8.4/../../../../arm-none-eabi/lib/armv7e-m/fpu/libg_s.a(lib_a-nano-freer.o)
 .ARM.attributes
                0x00000702       0x34 /opt/Freescale/KDS_v3/toolchain/bin/../lib/gcc/arm-none-eabi/4.8.4/../../../../arm-none-eabi/lib/armv7e-m/fpu/libg_s.a(lib_a-nano-mallocr.o)
 .ARM.attributes
                0x00000736       0x34 /opt/Freescale/KDS_v3/toolchain/bin/../lib/gcc/arm-none-eabi/4.8.4/../../../../arm-none-eabi/lib/armv7e-m/fpu/libg_s.a(lib_a-nano-reallocr.o)
 .ARM.attributes
                0x0000076a       0x34 /opt/Freescale/KDS_v3/toolchain/bin/../lib/gcc/arm-none-eabi/4.8.4/../../../../arm-none-eabi/lib/armv7e-m/fpu/libg_s.a(lib_a-sbrkr.o)
 .ARM.attributes
                0x0000079e       0x34 /opt/Freescale/KDS_v3/toolchain/bin/../lib/gcc/arm-none-eabi/4.8.4/../../../../arm-none-eabi/lib/armv7e-m/fpu/libg_s.a(lib_a-nano-msizer.o)
 .ARM.attributes
                0x000007d2       0x34 /opt/Freescale/KDS_v3/toolchain/bin/../lib/gcc/arm-none-eabi/4.8.4/../../../../arm-none-eabi/lib/armv7e-m/fpu/libg_s.a(lib_a-reent.o)
 .ARM.attributes
                0x00000806       0x34 /opt/Freescale/KDS_v3/toolchain/bin/../lib/gcc/arm-none-eabi/4.8.4/../../../../arm-none-eabi/lib/armv7e-m/fpu/libnosys.a(_exit.o)
 .ARM.attributes
                0x0000083a       0x34 /opt/Freescale/KDS_v3/toolchain/bin/../lib/gcc/arm-none-eabi/4.8.4/armv7e-m/fpu/crtend.o
 .ARM.attributes
                0x0000086e       0x22 /opt/Freescale/KDS_v3/toolchain/bin/../lib/gcc/arm-none-eabi/4.8.4/armv7e-m/fpu/crtn.o
                0x00000001                ASSERT ((__StackLimit >= __HeapLimit), region m_data_2 overflowed with stack and heap)
OUTPUT(queue.elf elf32-littlearm)

.debug_info     0x00000000     0xae81
 .debug_info    0x00000000      0xd01 ./utilities/fsl_debug_console.o
 .debug_info    0x00000d01      0x10e ./utilities/fsl_sbrk.o
 .debug_info    0x00000e0f      0x2c6 ./sources/board.o
 .debug_info    0x000010d5      0x61d ./sources/clock_config.o
 .debug_info    0x000016f2      0x356 ./sources/freertos_queue.o
 .debug_info    0x00001a48      0x645 ./sources/pin_mux.o
 .debug_info    0x0000208d      0x3b5 ./freertos/Source/portable/MemMang/heap_4.o
 .debug_info    0x00002442       0xad ./freertos/Source/portable/GCC/ARM_CM4F/fsl_tickless_systick.o
 .debug_info    0x000024ef      0x4bf ./freertos/Source/portable/GCC/ARM_CM4F/port.o
 .debug_info    0x000029ae      0x292 ./freertos/Source/list.o
 .debug_info    0x00002c40     0x13de ./freertos/Source/queue.o
 .debug_info    0x0000401e     0x1e50 ./freertos/Source/tasks.o
 .debug_info    0x00005e6e      0xb49 ./freertos/Source/timers.o
 .debug_info    0x000069b7     0x1e93 ./drivers/fsl_clock.o
 .debug_info    0x0000884a      0x5e6 ./drivers/fsl_common.o
 .debug_info    0x00008e30     0x1a09 ./drivers/fsl_uart.o
 .debug_info    0x0000a839       0x72 ./devices/gcc/startup_MK64F12.o
 .debug_info    0x0000a8ab      0x5d6 ./devices/system_MK64F12.o

.debug_abbrev   0x00000000     0x1bef
 .debug_abbrev  0x00000000      0x289 ./utilities/fsl_debug_console.o
 .debug_abbrev  0x00000289       0xa0 ./utilities/fsl_sbrk.o
 .debug_abbrev  0x00000329       0xfd ./sources/board.o
 .debug_abbrev  0x00000426      0x186 ./sources/clock_config.o
 .debug_abbrev  0x000005ac      0x122 ./sources/freertos_queue.o
 .debug_abbrev  0x000006ce      0x163 ./sources/pin_mux.o
 .debug_abbrev  0x00000831      0x1b9 ./freertos/Source/portable/MemMang/heap_4.o
 .debug_abbrev  0x000009ea       0x60 ./freertos/Source/portable/GCC/ARM_CM4F/fsl_tickless_systick.o
 .debug_abbrev  0x00000a4a      0x209 ./freertos/Source/portable/GCC/ARM_CM4F/port.o
 .debug_abbrev  0x00000c53       0xbe ./freertos/Source/list.o
 .debug_abbrev  0x00000d11      0x224 ./freertos/Source/queue.o
 .debug_abbrev  0x00000f35      0x2b8 ./freertos/Source/tasks.o
 .debug_abbrev  0x000011ed      0x1d6 ./freertos/Source/timers.o
 .debug_abbrev  0x000013c3      0x2c6 ./drivers/fsl_clock.o
 .debug_abbrev  0x00001689      0x165 ./drivers/fsl_common.o
 .debug_abbrev  0x000017ee      0x2d6 ./drivers/fsl_uart.o
 .debug_abbrev  0x00001ac4       0x14 ./devices/gcc/startup_MK64F12.o
 .debug_abbrev  0x00001ad8      0x117 ./devices/system_MK64F12.o

.debug_aranges  0x00000000      0xa40
 .debug_aranges
                0x00000000       0x90 ./utilities/fsl_debug_console.o
 .debug_aranges
                0x00000090       0x20 ./utilities/fsl_sbrk.o
 .debug_aranges
                0x000000b0       0x20 ./sources/board.o
 .debug_aranges
                0x000000d0       0x50 ./sources/clock_config.o
 .debug_aranges
                0x00000120       0x48 ./sources/freertos_queue.o
 .debug_aranges
                0x00000168       0x30 ./sources/pin_mux.o
 .debug_aranges
                0x00000198       0x50 ./freertos/Source/portable/MemMang/heap_4.o
 .debug_aranges
                0x000001e8       0x20 ./freertos/Source/portable/GCC/ARM_CM4F/fsl_tickless_systick.o
 .debug_aranges
                0x00000208       0x78 ./freertos/Source/portable/GCC/ARM_CM4F/port.o
 .debug_aranges
                0x00000280       0x40 ./freertos/Source/list.o
 .debug_aranges
                0x000002c0      0x118 ./freertos/Source/queue.o
 .debug_aranges
                0x000003d8      0x1e8 ./freertos/Source/tasks.o
 .debug_aranges
                0x000005c0       0xb8 ./freertos/Source/timers.o
 .debug_aranges
                0x00000678      0x1e8 ./drivers/fsl_clock.o
 .debug_aranges
                0x00000860       0x28 ./drivers/fsl_common.o
 .debug_aranges
                0x00000888      0x170 ./drivers/fsl_uart.o
 .debug_aranges
                0x000009f8       0x20 ./devices/gcc/startup_MK64F12.o
 .debug_aranges
                0x00000a18       0x28 ./devices/system_MK64F12.o

.debug_ranges   0x00000000      0x910
 .debug_ranges  0x00000000       0x80 ./utilities/fsl_debug_console.o
 .debug_ranges  0x00000080       0x10 ./utilities/fsl_sbrk.o
 .debug_ranges  0x00000090       0x10 ./sources/board.o
 .debug_ranges  0x000000a0       0x40 ./sources/clock_config.o
 .debug_ranges  0x000000e0       0x38 ./sources/freertos_queue.o
 .debug_ranges  0x00000118       0x20 ./sources/pin_mux.o
 .debug_ranges  0x00000138       0x40 ./freertos/Source/portable/MemMang/heap_4.o
 .debug_ranges  0x00000178       0x10 ./freertos/Source/portable/GCC/ARM_CM4F/fsl_tickless_systick.o
 .debug_ranges  0x00000188       0x68 ./freertos/Source/portable/GCC/ARM_CM4F/port.o
 .debug_ranges  0x000001f0       0x30 ./freertos/Source/list.o
 .debug_ranges  0x00000220      0x108 ./freertos/Source/queue.o
 .debug_ranges  0x00000328      0x1d8 ./freertos/Source/tasks.o
 .debug_ranges  0x00000500       0xa8 ./freertos/Source/timers.o
 .debug_ranges  0x000005a8      0x1d8 ./drivers/fsl_clock.o
 .debug_ranges  0x00000780       0x18 ./drivers/fsl_common.o
 .debug_ranges  0x00000798      0x160 ./drivers/fsl_uart.o
 .debug_ranges  0x000008f8       0x18 ./devices/system_MK64F12.o

.debug_line     0x00000000     0x428f
 .debug_line    0x00000000      0x535 ./utilities/fsl_debug_console.o
 .debug_line    0x00000535       0x95 ./utilities/fsl_sbrk.o
 .debug_line    0x000005ca       0xea ./sources/board.o
 .debug_line    0x000006b4      0x18d ./sources/clock_config.o
 .debug_line    0x00000841      0x1fb ./sources/freertos_queue.o
 .debug_line    0x00000a3c      0x128 ./sources/pin_mux.o
 .debug_line    0x00000b64      0x23e ./freertos/Source/portable/MemMang/heap_4.o
 .debug_line    0x00000da2       0xd9 ./freertos/Source/portable/GCC/ARM_CM4F/fsl_tickless_systick.o
 .debug_line    0x00000e7b      0x2bc ./freertos/Source/portable/GCC/ARM_CM4F/port.o
 .debug_line    0x00001137      0x171 ./freertos/Source/list.o
 .debug_line    0x000012a8      0x904 ./freertos/Source/queue.o
 .debug_line    0x00001bac      0xd96 ./freertos/Source/tasks.o
 .debug_line    0x00002942      0x468 ./freertos/Source/timers.o
 .debug_line    0x00002daa      0x8d8 ./drivers/fsl_clock.o
 .debug_line    0x00003682      0x175 ./drivers/fsl_common.o
 .debug_line    0x000037f7      0x7e4 ./drivers/fsl_uart.o
 .debug_line    0x00003fdb      0x181 ./devices/gcc/startup_MK64F12.o
 .debug_line    0x0000415c      0x133 ./devices/system_MK64F12.o

.debug_str      0x00000000     0x52fe
 .debug_str     0x00000000      0xb7d ./utilities/fsl_debug_console.o
                                0xc1a (size before relaxing)
 .debug_str     0x00000b7d       0x50 ./utilities/fsl_sbrk.o
                                0x21e (size before relaxing)
 .debug_str     0x00000bcd       0x39 ./sources/board.o
                                0x2d3 (size before relaxing)
 .debug_str     0x00000c06      0x4f8 ./sources/clock_config.o
                                0x72d (size before relaxing)
 .debug_str     0x000010fe       0xb5 ./sources/freertos_queue.o
                                0x651 (size before relaxing)
 .debug_str     0x000011b3      0x411 ./sources/pin_mux.o
                                0x6dc (size before relaxing)
 .debug_str     0x000015c4      0x20a ./freertos/Source/portable/MemMang/heap_4.o
                                0x3e7 (size before relaxing)
 .debug_str     0x000017ce       0x59 ./freertos/Source/portable/GCC/ARM_CM4F/fsl_tickless_systick.o
                                0x242 (size before relaxing)
 .debug_str     0x00001827      0x21e ./freertos/Source/portable/GCC/ARM_CM4F/port.o
                                0x437 (size before relaxing)
 .debug_str     0x00001a45      0x12c ./freertos/Source/list.o
                                0x327 (size before relaxing)
 .debug_str     0x00001b71      0x583 ./freertos/Source/queue.o
                                0x8a7 (size before relaxing)
 .debug_str     0x000020f4      0xc05 ./freertos/Source/tasks.o
                               0x102e (size before relaxing)
 .debug_str     0x00002cf9      0x42a ./freertos/Source/timers.o
                                0x769 (size before relaxing)
 .debug_str     0x00003123      0xf47 ./drivers/fsl_clock.o
                               0x1b29 (size before relaxing)
 .debug_str     0x0000406a      0x5fd ./drivers/fsl_common.o
                                0x814 (size before relaxing)
 .debug_str     0x00004667      0xbe8 ./drivers/fsl_uart.o
                               0x1bdc (size before relaxing)
 .debug_str     0x0000524f       0xaf ./devices/system_MK64F12.o
                                0x3de (size before relaxing)

.comment        0x00000000       0x70
 .comment       0x00000000       0x70 ./utilities/fsl_debug_console.o
                                 0x71 (size before relaxing)
 .comment       0x00000000       0x71 ./utilities/fsl_sbrk.o
 .comment       0x00000000       0x71 ./sources/board.o
 .comment       0x00000000       0x71 ./sources/clock_config.o
 .comment       0x00000000       0x71 ./sources/freertos_queue.o
 .comment       0x00000000       0x71 ./sources/pin_mux.o
 .comment       0x00000000       0x71 ./freertos/Source/portable/MemMang/heap_4.o
 .comment       0x00000000       0x71 ./freertos/Source/portable/GCC/ARM_CM4F/fsl_tickless_systick.o
 .comment       0x00000000       0x71 ./freertos/Source/portable/GCC/ARM_CM4F/port.o
 .comment       0x00000000       0x71 ./freertos/Source/list.o
 .comment       0x00000000       0x71 ./freertos/Source/queue.o
 .comment       0x00000000       0x71 ./freertos/Source/tasks.o
 .comment       0x00000000       0x71 ./freertos/Source/timers.o
 .comment       0x00000000       0x71 ./drivers/fsl_clock.o
 .comment       0x00000000       0x71 ./drivers/fsl_common.o
 .comment       0x00000000       0x71 ./drivers/fsl_uart.o
 .comment       0x00000000       0x71 ./devices/system_MK64F12.o

.debug_frame    0x00000000     0x2488
 .debug_frame   0x00000000      0x1ec ./utilities/fsl_debug_console.o
 .debug_frame   0x000001ec       0x30 ./utilities/fsl_sbrk.o
 .debug_frame   0x0000021c       0x30 ./sources/board.o
 .debug_frame   0x0000024c       0xdc ./sources/clock_config.o
 .debug_frame   0x00000328       0xd0 ./sources/freertos_queue.o
 .debug_frame   0x000003f8       0x64 ./sources/pin_mux.o
 .debug_frame   0x0000045c       0xd0 ./freertos/Source/portable/MemMang/heap_4.o
 .debug_frame   0x0000052c       0x28 ./freertos/Source/portable/GCC/ARM_CM4F/fsl_tickless_systick.o
 .debug_frame   0x00000554      0x138 ./freertos/Source/portable/GCC/ARM_CM4F/port.o
 .debug_frame   0x0000068c       0x9c ./freertos/Source/list.o
 .debug_frame   0x00000728      0x3ec ./freertos/Source/queue.o
 .debug_frame   0x00000b14      0x6f8 ./freertos/Source/tasks.o
 .debug_frame   0x0000120c      0x278 ./freertos/Source/timers.o
 .debug_frame   0x00001484      0x6ac ./drivers/fsl_clock.o
 .debug_frame   0x00001b30       0x4c ./drivers/fsl_common.o
 .debug_frame   0x00001b7c      0x51c ./drivers/fsl_uart.o
 .debug_frame   0x00002098       0x44 ./devices/system_MK64F12.o
 .debug_frame   0x000020dc       0x20 /opt/Freescale/KDS_v3/toolchain/bin/../lib/gcc/arm-none-eabi/4.8.4/../../../../arm-none-eabi/lib/armv7e-m/fpu/libg_s.a(lib_a-errno.o)
 .debug_frame   0x000020fc       0x28 /opt/Freescale/KDS_v3/toolchain/bin/../lib/gcc/arm-none-eabi/4.8.4/../../../../arm-none-eabi/lib/armv7e-m/fpu/libg_s.a(lib_a-exit.o)
 .debug_frame   0x00002124       0x2c /opt/Freescale/KDS_v3/toolchain/bin/../lib/gcc/arm-none-eabi/4.8.4/../../../../arm-none-eabi/lib/armv7e-m/fpu/libg_s.a(lib_a-init.o)
 .debug_frame   0x00002150       0x28 /opt/Freescale/KDS_v3/toolchain/bin/../lib/gcc/arm-none-eabi/4.8.4/../../../../arm-none-eabi/lib/armv7e-m/fpu/libg_s.a(lib_a-memcpy-stub.o)
 .debug_frame   0x00002178       0x20 /opt/Freescale/KDS_v3/toolchain/bin/../lib/gcc/arm-none-eabi/4.8.4/../../../../arm-none-eabi/lib/armv7e-m/fpu/libg_s.a(lib_a-memset.o)
 .debug_frame   0x00002198       0x58 /opt/Freescale/KDS_v3/toolchain/bin/../lib/gcc/arm-none-eabi/4.8.4/../../../../arm-none-eabi/lib/armv7e-m/fpu/libg_s.a(lib_a-sprintf.o)
 .debug_frame   0x000021f0       0x20 /opt/Freescale/KDS_v3/toolchain/bin/../lib/gcc/arm-none-eabi/4.8.4/../../../../arm-none-eabi/lib/armv7e-m/fpu/libg_s.a(lib_a-strlen.o)
 .debug_frame   0x00002210       0x88 /opt/Freescale/KDS_v3/toolchain/bin/../lib/gcc/arm-none-eabi/4.8.4/../../../../arm-none-eabi/lib/armv7e-m/fpu/libg_s.a(lib_a-svfprintf.o)
 .debug_frame   0x00002298       0x60 /opt/Freescale/KDS_v3/toolchain/bin/../lib/gcc/arm-none-eabi/4.8.4/../../../../arm-none-eabi/lib/armv7e-m/fpu/libg_s.a(lib_a-vfprintf_i.o)
 .debug_frame   0x000022f8       0x28 /opt/Freescale/KDS_v3/toolchain/bin/../lib/gcc/arm-none-eabi/4.8.4/../../../../arm-none-eabi/lib/armv7e-m/fpu/libg_s.a(lib_a-memchr-stub.o)
 .debug_frame   0x00002320       0x2c /opt/Freescale/KDS_v3/toolchain/bin/../lib/gcc/arm-none-eabi/4.8.4/../../../../arm-none-eabi/lib/armv7e-m/fpu/libg_s.a(lib_a-memmove.o)
 .debug_frame   0x0000234c       0x2c /opt/Freescale/KDS_v3/toolchain/bin/../lib/gcc/arm-none-eabi/4.8.4/../../../../arm-none-eabi/lib/armv7e-m/fpu/libg_s.a(lib_a-nano-freer.o)
 .debug_frame   0x00002378       0x2c /opt/Freescale/KDS_v3/toolchain/bin/../lib/gcc/arm-none-eabi/4.8.4/../../../../arm-none-eabi/lib/armv7e-m/fpu/libg_s.a(lib_a-nano-mallocr.o)
 .debug_frame   0x000023a4       0x30 /opt/Freescale/KDS_v3/toolchain/bin/../lib/gcc/arm-none-eabi/4.8.4/../../../../arm-none-eabi/lib/armv7e-m/fpu/libg_s.a(lib_a-nano-reallocr.o)
 .debug_frame   0x000023d4       0x2c /opt/Freescale/KDS_v3/toolchain/bin/../lib/gcc/arm-none-eabi/4.8.4/../../../../arm-none-eabi/lib/armv7e-m/fpu/libg_s.a(lib_a-sbrkr.o)
 .debug_frame   0x00002400       0x20 /opt/Freescale/KDS_v3/toolchain/bin/../lib/gcc/arm-none-eabi/4.8.4/../../../../arm-none-eabi/lib/armv7e-m/fpu/libg_s.a(lib_a-nano-msizer.o)
 .debug_frame   0x00002420       0x48 /opt/Freescale/KDS_v3/toolchain/bin/../lib/gcc/arm-none-eabi/4.8.4/../../../../arm-none-eabi/lib/armv7e-m/fpu/libg_s.a(lib_a-reent.o)
 .debug_frame   0x00002468       0x20 /opt/Freescale/KDS_v3/toolchain/bin/../lib/gcc/arm-none-eabi/4.8.4/../../../../arm-none-eabi/lib/armv7e-m/fpu/libnosys.a(_exit.o)
